Archive member included to satisfy reference by file (symbol)

c:/st/stm32cubeide_1.9.0/stm32cubeide/plugins/com.st.stm32cube.ide.mcu.externaltools.gnu-tools-for-stm32.10.3-2021.10.win32_1.0.0.202111181127/tools/bin/../lib/gcc/arm-none-eabi/10.3.1/../../../../arm-none-eabi/lib/thumb/v7e-m+fp/hard\libc_nano.a(lib_a-errno.o)
                              ./Application/User/syscalls.o (__errno)
c:/st/stm32cubeide_1.9.0/stm32cubeide/plugins/com.st.stm32cube.ide.mcu.externaltools.gnu-tools-for-stm32.10.3-2021.10.win32_1.0.0.202111181127/tools/bin/../lib/gcc/arm-none-eabi/10.3.1/../../../../arm-none-eabi/lib/thumb/v7e-m+fp/hard\libc_nano.a(lib_a-exit.o)
                              c:/st/stm32cubeide_1.9.0/stm32cubeide/plugins/com.st.stm32cube.ide.mcu.externaltools.gnu-tools-for-stm32.10.3-2021.10.win32_1.0.0.202111181127/tools/bin/../lib/gcc/arm-none-eabi/10.3.1/../../../../arm-none-eabi/lib/thumb/v7e-m+fp/hard/crt0.o (exit)
c:/st/stm32cubeide_1.9.0/stm32cubeide/plugins/com.st.stm32cube.ide.mcu.externaltools.gnu-tools-for-stm32.10.3-2021.10.win32_1.0.0.202111181127/tools/bin/../lib/gcc/arm-none-eabi/10.3.1/../../../../arm-none-eabi/lib/thumb/v7e-m+fp/hard\libc_nano.a(lib_a-impure.o)
                              c:/st/stm32cubeide_1.9.0/stm32cubeide/plugins/com.st.stm32cube.ide.mcu.externaltools.gnu-tools-for-stm32.10.3-2021.10.win32_1.0.0.202111181127/tools/bin/../lib/gcc/arm-none-eabi/10.3.1/../../../../arm-none-eabi/lib/thumb/v7e-m+fp/hard\libc_nano.a(lib_a-exit.o) (_global_impure_ptr)
c:/st/stm32cubeide_1.9.0/stm32cubeide/plugins/com.st.stm32cube.ide.mcu.externaltools.gnu-tools-for-stm32.10.3-2021.10.win32_1.0.0.202111181127/tools/bin/../lib/gcc/arm-none-eabi/10.3.1/../../../../arm-none-eabi/lib/thumb/v7e-m+fp/hard\libc_nano.a(lib_a-init.o)
                              c:/st/stm32cubeide_1.9.0/stm32cubeide/plugins/com.st.stm32cube.ide.mcu.externaltools.gnu-tools-for-stm32.10.3-2021.10.win32_1.0.0.202111181127/tools/bin/../lib/gcc/arm-none-eabi/10.3.1/../../../../arm-none-eabi/lib/thumb/v7e-m+fp/hard/crt0.o (__libc_init_array)
c:/st/stm32cubeide_1.9.0/stm32cubeide/plugins/com.st.stm32cube.ide.mcu.externaltools.gnu-tools-for-stm32.10.3-2021.10.win32_1.0.0.202111181127/tools/bin/../lib/gcc/arm-none-eabi/10.3.1/../../../../arm-none-eabi/lib/thumb/v7e-m+fp/hard\libc_nano.a(lib_a-memset.o)
                              c:/st/stm32cubeide_1.9.0/stm32cubeide/plugins/com.st.stm32cube.ide.mcu.externaltools.gnu-tools-for-stm32.10.3-2021.10.win32_1.0.0.202111181127/tools/bin/../lib/gcc/arm-none-eabi/10.3.1/../../../../arm-none-eabi/lib/thumb/v7e-m+fp/hard/crt0.o (memset)
c:/st/stm32cubeide_1.9.0/stm32cubeide/plugins/com.st.stm32cube.ide.mcu.externaltools.gnu-tools-for-stm32.10.3-2021.10.win32_1.0.0.202111181127/tools/bin/../lib/gcc/arm-none-eabi/10.3.1/../../../../arm-none-eabi/lib/thumb/v7e-m+fp/hard\libc_nano.a(lib_a-printf.o)
                              ./Application/User/app_mems.o (printf)
c:/st/stm32cubeide_1.9.0/stm32cubeide/plugins/com.st.stm32cube.ide.mcu.externaltools.gnu-tools-for-stm32.10.3-2021.10.win32_1.0.0.202111181127/tools/bin/../lib/gcc/arm-none-eabi/10.3.1/../../../../arm-none-eabi/lib/thumb/v7e-m+fp/hard\libc_nano.a(lib_a-snprintf.o)
                              ./Application/User/app_mems.o (snprintf)
c:/st/stm32cubeide_1.9.0/stm32cubeide/plugins/com.st.stm32cube.ide.mcu.externaltools.gnu-tools-for-stm32.10.3-2021.10.win32_1.0.0.202111181127/tools/bin/../lib/gcc/arm-none-eabi/10.3.1/../../../../arm-none-eabi/lib/thumb/v7e-m+fp/hard\libc_nano.a(lib_a-findfp.o)
                              c:/st/stm32cubeide_1.9.0/stm32cubeide/plugins/com.st.stm32cube.ide.mcu.externaltools.gnu-tools-for-stm32.10.3-2021.10.win32_1.0.0.202111181127/tools/bin/../lib/gcc/arm-none-eabi/10.3.1/../../../../arm-none-eabi/lib/thumb/v7e-m+fp/hard\libc_nano.a(lib_a-printf.o) (__sinit)
c:/st/stm32cubeide_1.9.0/stm32cubeide/plugins/com.st.stm32cube.ide.mcu.externaltools.gnu-tools-for-stm32.10.3-2021.10.win32_1.0.0.202111181127/tools/bin/../lib/gcc/arm-none-eabi/10.3.1/../../../../arm-none-eabi/lib/thumb/v7e-m+fp/hard\libc_nano.a(lib_a-fwalk.o)
                              c:/st/stm32cubeide_1.9.0/stm32cubeide/plugins/com.st.stm32cube.ide.mcu.externaltools.gnu-tools-for-stm32.10.3-2021.10.win32_1.0.0.202111181127/tools/bin/../lib/gcc/arm-none-eabi/10.3.1/../../../../arm-none-eabi/lib/thumb/v7e-m+fp/hard\libc_nano.a(lib_a-findfp.o) (_fwalk)
c:/st/stm32cubeide_1.9.0/stm32cubeide/plugins/com.st.stm32cube.ide.mcu.externaltools.gnu-tools-for-stm32.10.3-2021.10.win32_1.0.0.202111181127/tools/bin/../lib/gcc/arm-none-eabi/10.3.1/../../../../arm-none-eabi/lib/thumb/v7e-m+fp/hard\libc_nano.a(lib_a-lock.o)
                              c:/st/stm32cubeide_1.9.0/stm32cubeide/plugins/com.st.stm32cube.ide.mcu.externaltools.gnu-tools-for-stm32.10.3-2021.10.win32_1.0.0.202111181127/tools/bin/../lib/gcc/arm-none-eabi/10.3.1/../../../../arm-none-eabi/lib/thumb/v7e-m+fp/hard\libc_nano.a(lib_a-findfp.o) (__retarget_lock_init_recursive)
[...]
Memory Configuration

Name             Origin             Length             Attributes
RAM              0x0000000020000000 0x0000000000018000 xrw
FLASH            0x0000000008000000 0x0000000000080000 xr
*default*        0x0000000000000000 0xffffffffffffffff

Linker script and memory map

LOAD c:/st/stm32cubeide_1.9.0/stm32cubeide/plugins/com.st.stm32cube.ide.mcu.externaltools.gnu-tools-for-stm32.10.3-2021.10.win32_1.0.0.202111181127/tools/bin/../lib/gcc/arm-none-eabi/10.3.1/thumb/v7e-m+fp/hard/crti.o
LOAD c:/st/stm32cubeide_1.9.0/stm32cubeide/plugins/com.st.stm32cube.ide.mcu.externaltools.gnu-tools-for-stm32.10.3-2021.10.win32_1.0.0.202111181127/tools/bin/../lib/gcc/arm-none-eabi/10.3.1/thumb/v7e-m+fp/hard/crtbegin.o
LOAD c:/st/stm32cubeide_1.9.0/stm32cubeide/plugins/com.st.stm32cube.ide.mcu.externaltools.gnu-tools-for-stm32.10.3-2021.10.win32_1.0.0.202111181127/tools/bin/../lib/gcc/arm-none-eabi/10.3.1/../../../../arm-none-eabi/lib/thumb/v7e-m+fp/hard/crt0.o
LOAD ./Application/Startup/startup_stm32f401retx.o
LOAD ./Application/User/app_mems.o
LOAD ./Application/User/main.o
LOAD ./Application/User/stm32f4xx_hal_msp.o
LOAD ./Application/User/stm32f4xx_it.o
LOAD ./Application/User/stm32f4xx_nucleo.o
LOAD ./Application/User/stm32f4xx_nucleo_bus.o
LOAD ./Application/User/syscalls.o
LOAD ./Application/User/sysmem.o
LOAD ./Drivers/BSP/Components/hts221.o
LOAD ./Drivers/BSP/Components/hts221_reg.o
LOAD ./Drivers/BSP/Components/lis2dw12.o
LOAD ./Drivers/BSP/Components/lis2dw12_reg.o
LOAD ./Drivers/BSP/Components/lis2mdl.o
LOAD ./Drivers/BSP/Components/lis2mdl_reg.o
LOAD ./Drivers/BSP/Components/lps22hh.o
LOAD ./Drivers/BSP/Components/lps22hh_reg.o
LOAD ./Drivers/BSP/Components/lsm6dso.o
LOAD ./Drivers/BSP/Components/lsm6dso_reg.o
LOAD ./Drivers/BSP/Components/stts751.o
LOAD ./Drivers/BSP/Components/stts751_reg.o
LOAD ./Drivers/BSP/IKS01A3/iks01a3_env_sensors.o
LOAD ./Drivers/BSP/IKS01A3/iks01a3_env_sensors_ex.o
LOAD ./Drivers/BSP/IKS01A3/iks01a3_motion_sensors.o
LOAD ./Drivers/BSP/IKS01A3/iks01a3_motion_sensors_ex.o
LOAD ./Drivers/CMSIS/system_stm32f4xx.o
LOAD ./Drivers/STM32F4xx_HAL_Driver/stm32f4xx_hal.o
LOAD ./Drivers/STM32F4xx_HAL_Driver/stm32f4xx_hal_cortex.o
LOAD ./Drivers/STM32F4xx_HAL_Driver/stm32f4xx_hal_dma.o
LOAD ./Drivers/STM32F4xx_HAL_Driver/stm32f4xx_hal_dma_ex.o
LOAD ./Drivers/STM32F4xx_HAL_Driver/stm32f4xx_hal_exti.o
LOAD ./Drivers/STM32F4xx_HAL_Driver/stm32f4xx_hal_flash.o
LOAD ./Drivers/STM32F4xx_HAL_Driver/stm32f4xx_hal_flash_ex.o
LOAD ./Drivers/STM32F4xx_HAL_Driver/stm32f4xx_hal_flash_ramfunc.o
LOAD ./Drivers/STM32F4xx_HAL_Driver/stm32f4xx_hal_gpio.o
LOAD ./Drivers/STM32F4xx_HAL_Driver/stm32f4xx_hal_i2c.o
LOAD ./Drivers/STM32F4xx_HAL_Driver/stm32f4xx_hal_i2c_ex.o
LOAD ./Drivers/STM32F4xx_HAL_Driver/stm32f4xx_hal_pwr.o
LOAD ./Drivers/STM32F4xx_HAL_Driver/stm32f4xx_hal_pwr_ex.o
LOAD ./Drivers/STM32F4xx_HAL_Driver/stm32f4xx_hal_rcc.o
LOAD ./Drivers/STM32F4xx_HAL_Driver/stm32f4xx_hal_rcc_ex.o
LOAD ./Drivers/STM32F4xx_HAL_Driver/stm32f4xx_hal_tim.o
LOAD ./Drivers/STM32F4xx_HAL_Driver/stm32f4xx_hal_tim_ex.o
LOAD ./Drivers/STM32F4xx_HAL_Driver/stm32f4xx_hal_uart.o
START GROUP
LOAD c:/st/stm32cubeide_1.9.0/stm32cubeide/plugins/com.st.stm32cube.ide.mcu.externaltools.gnu-tools-for-stm32.10.3-2021.10.win32_1.0.0.202111181127/tools/bin/../lib/gcc/arm-none-eabi/10.3.1/../../../../arm-none-eabi/lib/thumb/v7e-m+fp/hard\libc_nano.a
LOAD c:/st/stm32cubeide_1.9.0/stm32cubeide/plugins/com.st.stm32cube.ide.mcu.externaltools.gnu-tools-for-stm32.10.3-2021.10.win32_1.0.0.202111181127/tools/bin/../lib/gcc/arm-none-eabi/10.3.1/../../../../arm-none-eabi/lib/thumb/v7e-m+fp/hard\libm.a
END GROUP
START GROUP
LOAD c:/st/stm32cubeide_1.9.0/stm32cubeide/plugins/com.st.stm32cube.ide.mcu.externaltools.gnu-tools-for-stm32.10.3-2021.10.win32_1.0.0.202111181127/tools/bin/../lib/gcc/arm-none-eabi/10.3.1/thumb/v7e-m+fp/hard\libgcc.a
LOAD c:/st/stm32cubeide_1.9.0/stm32cubeide/plugins/com.st.stm32cube.ide.mcu.externaltools.gnu-tools-for-stm32.10.3-2021.10.win32_1.0.0.202111181127/tools/bin/../lib/gcc/arm-none-eabi/10.3.1/../../../../arm-none-eabi/lib/thumb/v7e-m+fp/hard\libc_nano.a
END GROUP
START GROUP
LOAD c:/st/stm32cubeide_1.9.0/stm32cubeide/plugins/com.st.stm32cube.ide.mcu.externaltools.gnu-tools-for-stm32.10.3-2021.10.win32_1.0.0.202111181127/tools/bin/../lib/gcc/arm-none-eabi/10.3.1/thumb/v7e-m+fp/hard\libgcc.a
LOAD c:/st/stm32cubeide_1.9.0/stm32cubeide/plugins/com.st.stm32cube.ide.mcu.externaltools.gnu-tools-for-stm32.10.3-2021.10.win32_1.0.0.202111181127/tools/bin/../lib/gcc/arm-none-eabi/10.3.1/../../../../arm-none-eabi/lib/thumb/v7e-m+fp/hard\libc_nano.a
LOAD c:/st/stm32cubeide_1.9.0/stm32cubeide/plugins/com.st.stm32cube.ide.mcu.externaltools.gnu-tools-for-stm32.10.3-2021.10.win32_1.0.0.202111181127/tools/bin/../lib/gcc/arm-none-eabi/10.3.1/../../../../arm-none-eabi/lib/thumb/v7e-m+fp/hard\libnosys.a
END GROUP
START GROUP
LOAD c:/st/stm32cubeide_1.9.0/stm32cubeide/plugins/com.st.stm32cube.ide.mcu.externaltools.gnu-tools-for-stm32.10.3-2021.10.win32_1.0.0.202111181127/tools/bin/../lib/gcc/arm-none-eabi/10.3.1/thumb/v7e-m+fp/hard\libgcc.a
LOAD c:/st/stm32cubeide_1.9.0/stm32cubeide/plugins/com.st.stm32cube.ide.mcu.externaltools.gnu-tools-for-stm32.10.3-2021.10.win32_1.0.0.202111181127/tools/bin/../lib/gcc/arm-none-eabi/10.3.1/../../../../arm-none-eabi/lib/thumb/v7e-m+fp/hard\libc_nano.a
LOAD c:/st/stm32cubeide_1.9.0/stm32cubeide/plugins/com.st.stm32cube.ide.mcu.externaltools.gnu-tools-for-stm32.10.3-2021.10.win32_1.0.0.202111181127/tools/bin/../lib/gcc/arm-none-eabi/10.3.1/../../../../arm-none-eabi/lib/thumb/v7e-m+fp/hard\libnosys.a
END GROUP
LOAD c:/st/stm32cubeide_1.9.0/stm32cubeide/plugins/com.st.stm32cube.ide.mcu.externaltools.gnu-tools-for-stm32.10.3-2021.10.win32_1.0.0.202111181127/tools/bin/../lib/gcc/arm-none-eabi/10.3.1/thumb/v7e-m+fp/hard/crtend.o
LOAD c:/st/stm32cubeide_1.9.0/stm32cubeide/plugins/com.st.stm32cube.ide.mcu.externaltools.gnu-tools-for-stm32.10.3-2021.10.win32_1.0.0.202111181127/tools/bin/../lib/gcc/arm-none-eabi/10.3.1/thumb/v7e-m+fp/hard/crtn.o
                0x0000000020018000                _estack = (ORIGIN (RAM) + LENGTH (RAM))
                0x0000000000000200                _Min_Heap_Size = 0x200
                0x0000000000000400                _Min_Stack_Size = 0x400

.isr_vector     0x0000000008000000      0x194
                0x0000000008000000                . = ALIGN (0x4)
 *(.isr_vector)
 .isr_vector    0x0000000008000000      0x194 ./Application/Startup/startup_stm32f401retx.o
                0x0000000008000000                g_pfnVectors
                0x0000000008000194                . = ALIGN (0x4)

.text           0x00000000080001a0     0xb6a4
                0x00000000080001a0                . = ALIGN (0x4)
 *(.text)
 .text          0x00000000080001a0       0x40 c:/st/stm32cubeide_1.9.0/stm32cubeide/plugins/com.st.stm32cube.ide.mcu.externaltools.gnu-tools-for-stm32.10.3-2021.10.win32_1.0.0.202111181127/tools/bin/../lib/gcc/arm-none-eabi/10.3.1/thumb/v7e-m+fp/hard/crtbegin.o
 .text          0x00000000080001e0       0xa0 c:/st/stm32cubeide_1.9.0/stm32cubeide/plugins/com.st.stm32cube.ide.mcu.externaltools.gnu-tools-for-stm32.10.3-2021.10.win32_1.0.0.202111181127/tools/bin/../lib/gcc/arm-none-eabi/10.3.1/../../../../arm-none-eabi/lib/thumb/v7e-m+fp/hard\libc_nano.a(lib_a-memchr.o)
                0x00000000080001e0                memchr
 .text          0x0000000008000280      0x378 c:/st/stm32cubeide_1.9.0/stm32cubeide/plugins/com.st.stm32cube.ide.mcu.externaltools.gnu-tools-for-stm32.10.3-2021.10.win32_1.0.0.202111181127/tools/bin/../lib/gcc/arm-none-eabi/10.3.1/thumb/v7e-m+fp/hard\libgcc.a(_arm_addsubdf3.o)
                0x0000000008000280                __aeabi_drsub
                0x0000000008000288                __aeabi_dsub
                0x0000000008000288                __subdf3
                0x000000000800028c                __aeabi_dadd
                0x000000000800028c                __adddf3
                0x0000000008000504                __floatunsidf
                0x0000000008000504                __aeabi_ui2d
                0x0000000008000524                __floatsidf
                0x0000000008000524                __aeabi_i2d
                0x0000000008000548                __aeabi_f2d
                0x0000000008000548                __extendsfdf2
                0x000000000800058c                __floatundidf
                0x000000000800058c                __aeabi_ul2d
                0x000000000800059c                __floatdidf
                0x000000000800059c                __aeabi_l2d
 .text          0x00000000080005f8      0x424 c:/st/stm32cubeide_1.9.0/stm32cubeide/plugins/com.st.stm32cube.ide.mcu.externaltools.gnu-tools-for-stm32.10.3-2021.10.win32_1.0.0.202111181127/tools/bin/../lib/gcc/arm-none-eabi/10.3.1/thumb/v7e-m+fp/hard\libgcc.a(_arm_muldivdf3.o)
                0x00000000080005f8                __aeabi_dmul
                0x00000000080005f8                __muldf3
                0x000000000800084c                __divdf3
                0x000000000800084c                __aeabi_ddiv
 .text          0x0000000008000a1c      0x110 c:/st/stm32cubeide_1.9.0/stm32cubeide/plugins/com.st.stm32cube.ide.mcu.externaltools.gnu-tools-for-stm32.10.3-2021.10.win32_1.0.0.202111181127/tools/bin/../lib/gcc/arm-none-eabi/10.3.1/thumb/v7e-m+fp/hard\libgcc.a(_arm_cmpdf2.o)
                0x0000000008000a1c                __gtdf2
                0x0000000008000a1c                __gedf2
                0x0000000008000a24                __ltdf2
                0x0000000008000a24                __ledf2
                0x0000000008000a2c                __nedf2
                0x0000000008000a2c                __eqdf2
                0x0000000008000a2c                __cmpdf2
                0x0000000008000aa8                __aeabi_cdrcmple
                0x0000000008000ab8                __aeabi_cdcmpeq
                0x0000000008000ab8                __aeabi_cdcmple
                0x0000000008000ac8                __aeabi_dcmpeq
                0x0000000008000adc                __aeabi_dcmplt
                0x0000000008000af0                __aeabi_dcmple
                0x0000000008000b04                __aeabi_dcmpge
                0x0000000008000b18                __aeabi_dcmpgt
 .text          0x0000000008000b2c       0x2c c:/st/stm32cubeide_1.9.0/stm32cubeide/plugins/com.st.stm32cube.ide.mcu.externaltools.gnu-tools-for-stm32.10.3-2021.10.win32_1.0.0.202111181127/tools/bin/../lib/gcc/arm-none-eabi/10.3.1/thumb/v7e-m+fp/hard\libgcc.a(_arm_unorddf2.o)
                0x0000000008000b2c                __unorddf2
                0x0000000008000b2c                __aeabi_dcmpun
 .text          0x0000000008000b58       0x50 c:/st/stm32cubeide_1.9.0/stm32cubeide/plugins/com.st.stm32cube.ide.mcu.externaltools.gnu-tools-for-stm32.10.3-2021.10.win32_1.0.0.202111181127/tools/bin/../lib/gcc/arm-none-eabi/10.3.1/thumb/v7e-m+fp/hard\libgcc.a(_arm_fixdfsi.o)
                0x0000000008000b58                __aeabi_d2iz
                0x0000000008000b58                __fixdfsi
 .text          0x0000000008000ba8       0xa0 c:/st/stm32cubeide_1.9.0/stm32cubeide/plugins/com.st.stm32cube.ide.mcu.externaltools.gnu-tools-for-stm32.10.3-2021.10.win32_1.0.0.202111181127/tools/bin/../lib/gcc/arm-none-eabi/10.3.1/thumb/v7e-m+fp/hard\libgcc.a(_arm_truncdfsf2.o)
                0x0000000008000ba8                __truncdfsf2
                0x0000000008000ba8                __aeabi_d2f
 .text          0x0000000008000c48       0x30 c:/st/stm32cubeide_1.9.0/stm32cubeide/plugins/com.st.stm32cube.ide.mcu.externaltools.gnu-tools-for-stm32.10.3-2021.10.win32_1.0.0.202111181127/tools/bin/../lib/gcc/arm-none-eabi/10.3.1/thumb/v7e-m+fp/hard\libgcc.a(_aeabi_uldivmod.o)
                0x0000000008000c48                __aeabi_uldivmod
 .text          0x0000000008000c78      0x2d0 c:/st/stm32cubeide_1.9.0/stm32cubeide/plugins/com.st.stm32cube.ide.mcu.externaltools.gnu-tools-for-stm32.10.3-2021.10.win32_1.0.0.202111181127/tools/bin/../lib/gcc/arm-none-eabi/10.3.1/thumb/v7e-m+fp/hard\libgcc.a(_udivmoddi4.o)
                0x0000000008000c78                __udivmoddi4
 .text          0x0000000008000f48        0x4 c:/st/stm32cubeide_1.9.0/stm32cubeide/plugins/com.st.stm32cube.ide.mcu.externaltools.gnu-tools-for-stm32.10.3-2021.10.win32_1.0.0.202111181127/tools/bin/../lib/gcc/arm-none-eabi/10.3.1/thumb/v7e-m+fp/hard\libgcc.a(_dvmd_tls.o)
                0x0000000008000f48                __aeabi_idiv0
                0x0000000008000f48                __aeabi_ldiv0
 *(.text*)
 .text.Reset_Handler
                0x0000000008000f4c       0x50 ./Application/Startup/startup_stm32f401retx.o
                0x0000000008000f4c                Reset_Handler
 .text.Default_Handler
                0x0000000008000f9c        0x2 ./Application/Startup/startup_stm32f401retx.o
                0x0000000008000f9c                RTC_Alarm_IRQHandler
                0x0000000008000f9c                EXTI2_IRQHandler
                0x0000000008000f9c                SPI4_IRQHandler
                0x0000000008000f9c                TIM1_CC_IRQHandler
                0x0000000008000f9c                DMA2_Stream5_IRQHandler
                0x0000000008000f9c                DMA1_Stream5_IRQHandler
                0x0000000008000f9c                PVD_IRQHandler
                0x0000000008000f9c                SDIO_IRQHandler
                0x0000000008000f9c                TAMP_STAMP_IRQHandler
                0x0000000008000f9c                EXTI3_IRQHandler
                0x0000000008000f9c                TIM1_UP_TIM10_IRQHandler
                0x0000000008000f9c                I2C3_ER_IRQHandler
                0x0000000008000f9c                EXTI0_IRQHandler
                0x0000000008000f9c                I2C2_EV_IRQHandler
                0x0000000008000f9c                DMA1_Stream2_IRQHandler
                0x0000000008000f9c                FPU_IRQHandler
                0x0000000008000f9c                DMA2_Stream2_IRQHandler
                0x0000000008000f9c                SPI1_IRQHandler
                0x0000000008000f9c                TIM1_BRK_TIM9_IRQHandler
                0x0000000008000f9c                DMA2_Stream3_IRQHandler
                0x0000000008000f9c                USART6_IRQHandler
                0x0000000008000f9c                DMA2_Stream0_IRQHandler
                0x0000000008000f9c                TIM4_IRQHandler
                0x0000000008000f9c                I2C1_EV_IRQHandler
                0x0000000008000f9c                DMA1_Stream6_IRQHandler
                0x0000000008000f9c                DMA1_Stream1_IRQHandler
                0x0000000008000f9c                TIM3_IRQHandler
                0x0000000008000f9c                RCC_IRQHandler
                0x0000000008000f9c                Default_Handler
                0x0000000008000f9c                ADC_IRQHandler
                0x0000000008000f9c                DMA1_Stream7_IRQHandler
                0x0000000008000f9c                TIM5_IRQHandler
                0x0000000008000f9c                DMA2_Stream7_IRQHandler
                0x0000000008000f9c                I2C3_EV_IRQHandler
                0x0000000008000f9c                EXTI9_5_IRQHandler
                0x0000000008000f9c                RTC_WKUP_IRQHandler
                0x0000000008000f9c                SPI2_IRQHandler
                0x0000000008000f9c                DMA1_Stream0_IRQHandler
                0x0000000008000f9c                EXTI4_IRQHandler
                0x0000000008000f9c                WWDG_IRQHandler
                0x0000000008000f9c                TIM2_IRQHandler
                0x0000000008000f9c                OTG_FS_WKUP_IRQHandler
                0x0000000008000f9c                TIM1_TRG_COM_TIM11_IRQHandler
                0x0000000008000f9c                EXTI1_IRQHandler
                0x0000000008000f9c                USART2_IRQHandler
                0x0000000008000f9c                I2C2_ER_IRQHandler
                0x0000000008000f9c                DMA2_Stream1_IRQHandler
                0x0000000008000f9c                FLASH_IRQHandler
                0x0000000008000f9c                DMA2_Stream4_IRQHandler
                0x0000000008000f9c                USART1_IRQHandler
                0x0000000008000f9c                OTG_FS_IRQHandler
                0x0000000008000f9c                SPI3_IRQHandler
                0x0000000008000f9c                DMA1_Stream4_IRQHandler
                0x0000000008000f9c                I2C1_ER_IRQHandler
                0x0000000008000f9c                DMA2_Stream6_IRQHandler
                0x0000000008000f9c                DMA1_Stream3_IRQHandler
 .text.MX_MEMS_Init
                0x0000000008000f9e        0xc ./Application/User/app_mems.o
                0x0000000008000f9e                MX_MEMS_Init
 .text.MX_MEMS_Process
                0x0000000008000faa        0xc ./Application/User/app_mems.o
                0x0000000008000faa                MX_MEMS_Process
 *fill*         0x0000000008000fb6        0x2 
 .text.MX_IKS01A3_DataLogTerminal_Init
                0x0000000008000fb8      0x20c ./Application/User/app_mems.o
 .text.BSP_PB_Callback
                0x00000000080011c4       0x20 ./Application/User/app_mems.o
                0x00000000080011c4                BSP_PB_Callback
 .text.MX_IKS01A3_DataLogTerminal_Process
                0x00000000080011e4       0xbc ./Application/User/app_mems.o
 .text.floatToInt
                0x00000000080012a0      0x114 ./Application/User/app_mems.o
 .text.Accelero_Sensor_Handler
                0x00000000080013b4       0x68 ./Application/User/app_mems.o
 .text.Gyro_Sensor_Handler
                0x000000000800141c       0x68 ./Application/User/app_mems.o
 .text.Magneto_Sensor_Handler
                0x0000000008001484       0x68 ./Application/User/app_mems.o
 .text.main     0x00000000080014ec       0x1a ./Application/User/main.o
                0x00000000080014ec                main
 *fill*         0x0000000008001506        0x2 
 .text.SystemClock_Config
                0x0000000008001508       0xd8 ./Application/User/main.o
                0x0000000008001508                SystemClock_Config
 .text.MX_GPIO_Init
                0x00000000080015e0       0x94 ./Application/User/main.o
 .text.Error_Handler
                0x0000000008001674        0xa ./Application/User/main.o
                0x0000000008001674                Error_Handler
 *fill*         0x000000000800167e        0x2 
 .text.HAL_MspInit
                0x0000000008001680       0x50 ./Application/User/stm32f4xx_hal_msp.o
                0x0000000008001680                HAL_MspInit
 .text.NMI_Handler
                0x00000000080016d0        0x6 ./Application/User/stm32f4xx_it.o
                0x00000000080016d0                NMI_Handler
 .text.HardFault_Handler
                0x00000000080016d6        0x6 ./Application/User/stm32f4xx_it.o
                0x00000000080016d6                HardFault_Handler
 .text.MemManage_Handler
                0x00000000080016dc        0x6 ./Application/User/stm32f4xx_it.o
                0x00000000080016dc                MemManage_Handler
 .text.BusFault_Handler
                0x00000000080016e2        0x6 ./Application/User/stm32f4xx_it.o
                0x00000000080016e2                BusFault_Handler
 .text.UsageFault_Handler
                0x00000000080016e8        0x6 ./Application/User/stm32f4xx_it.o
                0x00000000080016e8                UsageFault_Handler
 .text.SVC_Handler
                0x00000000080016ee        0xe ./Application/User/stm32f4xx_it.o
                0x00000000080016ee                SVC_Handler
 .text.DebugMon_Handler
                0x00000000080016fc        0xe ./Application/User/stm32f4xx_it.o
                0x00000000080016fc                DebugMon_Handler
 .text.PendSV_Handler
                0x000000000800170a        0xe ./Application/User/stm32f4xx_it.o
                0x000000000800170a                PendSV_Handler
 .text.SysTick_Handler
                0x0000000008001718        0xc ./Application/User/stm32f4xx_it.o
                0x0000000008001718                SysTick_Handler
 .text.EXTI15_10_IRQHandler
                0x0000000008001724       0x14 ./Application/User/stm32f4xx_it.o
                0x0000000008001724                EXTI15_10_IRQHandler
 .text.BSP_LED_Init
                0x0000000008001738       0x24 ./Application/User/stm32f4xx_nucleo.o
                0x0000000008001738                BSP_LED_Init
 .text.LED_USER_GPIO_Init
                0x000000000800175c       0x84 ./Application/User/stm32f4xx_nucleo.o
 .text.BSP_PB_Init
                0x00000000080017e0       0xa8 ./Application/User/stm32f4xx_nucleo.o
                0x00000000080017e0                BSP_PB_Init
 .text.BSP_PB_GetState
                0x0000000008001888       0x38 ./Application/User/stm32f4xx_nucleo.o
                0x0000000008001888                BSP_PB_GetState
 .text.BUTTON_USER_EXTI_Callback
                0x00000000080018c0        0xe ./Application/User/stm32f4xx_nucleo.o
 *fill*         0x00000000080018ce        0x2 
 .text.BUTTON_USER_GPIO_Init
                0x00000000080018d0       0x7c ./Application/User/stm32f4xx_nucleo.o
 .text.BSP_COM_Init
                0x000000000800194c       0x7c ./Application/User/stm32f4xx_nucleo.o
                0x000000000800194c                BSP_COM_Init
 .text.MX_USART2_UART_Init
                0x00000000080019c8       0x5c ./Application/User/stm32f4xx_nucleo.o
                0x00000000080019c8                MX_USART2_UART_Init
 .text.__io_putchar
                0x0000000008001a24       0x38 ./Application/User/stm32f4xx_nucleo.o
                0x0000000008001a24                __io_putchar
 .text.USART2_MspInit
                0x0000000008001a5c       0x90 ./Application/User/stm32f4xx_nucleo.o
 .text.BSP_I2C1_Init
                0x0000000008001aec       0x64 ./Application/User/stm32f4xx_nucleo_bus.o
                0x0000000008001aec                BSP_I2C1_Init
 .text.BSP_I2C1_DeInit
                0x0000000008001b50       0x50 ./Application/User/stm32f4xx_nucleo_bus.o
                0x0000000008001b50                BSP_I2C1_DeInit
 .text.BSP_I2C1_WriteReg
                0x0000000008001ba0       0x64 ./Application/User/stm32f4xx_nucleo_bus.o
                0x0000000008001ba0                BSP_I2C1_WriteReg
 .text.BSP_I2C1_ReadReg
                0x0000000008001c04       0x64 ./Application/User/stm32f4xx_nucleo_bus.o
                0x0000000008001c04                BSP_I2C1_ReadReg
 .text.BSP_GetTick
                0x0000000008001c68        0xe ./Application/User/stm32f4xx_nucleo_bus.o
                0x0000000008001c68                BSP_GetTick
 *fill*         0x0000000008001c76        0x2 
 .text.MX_I2C1_Init
                0x0000000008001c78       0x68 ./Application/User/stm32f4xx_nucleo_bus.o
                0x0000000008001c78                MX_I2C1_Init
 .text.I2C1_MspInit
                0x0000000008001ce0       0x94 ./Application/User/stm32f4xx_nucleo_bus.o
 .text.I2C1_MspDeInit
                0x0000000008001d74       0x38 ./Application/User/stm32f4xx_nucleo_bus.o
 .text._read    0x0000000008001dac       0x3a ./Application/User/syscalls.o
                0x0000000008001dac                _read
 .text._write   0x0000000008001de6       0x38 ./Application/User/syscalls.o
                0x0000000008001de6                _write
 .text._close   0x0000000008001e1e       0x18 ./Application/User/syscalls.o
                0x0000000008001e1e                _close
 .text._fstat   0x0000000008001e36       0x20 ./Application/User/syscalls.o
                0x0000000008001e36                _fstat
 .text._isatty  0x0000000008001e56       0x16 ./Application/User/syscalls.o
                0x0000000008001e56                _isatty
 .text._lseek   0x0000000008001e6c       0x1a ./Application/User/syscalls.o
                0x0000000008001e6c                _lseek
 *fill*         0x0000000008001e86        0x2 
 .text._sbrk    0x0000000008001e88       0x6c ./Application/User/sysmem.o
                0x0000000008001e88                _sbrk
 .text.LIS2DW12_RegisterBusIO
                0x0000000008001ef4       0xcc ./Drivers/BSP/Components/lis2dw12.o
                0x0000000008001ef4                LIS2DW12_RegisterBusIO
 .text.LIS2DW12_Init
                0x0000000008001fc0       0xc4 ./Drivers/BSP/Components/lis2dw12.o
                0x0000000008001fc0                LIS2DW12_Init
 .text.LIS2DW12_DeInit
                0x0000000008002084       0x44 ./Drivers/BSP/Components/lis2dw12.o
                0x0000000008002084                LIS2DW12_DeInit
 .text.LIS2DW12_ReadID
                0x00000000080020c8       0x2c ./Drivers/BSP/Components/lis2dw12.o
                0x00000000080020c8                LIS2DW12_ReadID
 .text.LIS2DW12_GetCapabilities
                0x00000000080020f4       0x5c ./Drivers/BSP/Components/lis2dw12.o
                0x00000000080020f4                LIS2DW12_GetCapabilities
 .text.LIS2DW12_ACC_Enable
                0x0000000008002150       0x52 ./Drivers/BSP/Components/lis2dw12.o
                0x0000000008002150                LIS2DW12_ACC_Enable
 .text.LIS2DW12_ACC_Disable
                0x00000000080021a2       0x40 ./Drivers/BSP/Components/lis2dw12.o
                0x00000000080021a2                LIS2DW12_ACC_Disable
 *fill*         0x00000000080021e2        0x2 
 .text.LIS2DW12_ACC_GetSensitivity
                0x00000000080021e4      0x190 ./Drivers/BSP/Components/lis2dw12.o
                0x00000000080021e4                LIS2DW12_ACC_GetSensitivity
 .text.LIS2DW12_ACC_GetOutputDataRate
                0x0000000008002374      0x404 ./Drivers/BSP/Components/lis2dw12.o
                0x0000000008002374                LIS2DW12_ACC_GetOutputDataRate
 .text.LIS2DW12_ACC_SetOutputDataRate
                0x0000000008002778       0x24 ./Drivers/BSP/Components/lis2dw12.o
                0x0000000008002778                LIS2DW12_ACC_SetOutputDataRate
 .text.LIS2DW12_ACC_SetOutputDataRate_With_Mode
                0x000000000800279c       0x4c ./Drivers/BSP/Components/lis2dw12.o
                0x000000000800279c                LIS2DW12_ACC_SetOutputDataRate_With_Mode
 .text.LIS2DW12_ACC_GetFullScale
                0x00000000080027e8       0x84 ./Drivers/BSP/Components/lis2dw12.o
                0x00000000080027e8                LIS2DW12_ACC_GetFullScale
 .text.LIS2DW12_ACC_SetFullScale
                0x000000000800286c       0x50 ./Drivers/BSP/Components/lis2dw12.o
                0x000000000800286c                LIS2DW12_ACC_SetFullScale
 .text.LIS2DW12_ACC_GetAxesRaw
                0x00000000080028bc      0x148 ./Drivers/BSP/Components/lis2dw12.o
                0x00000000080028bc                LIS2DW12_ACC_GetAxesRaw
 .text.LIS2DW12_ACC_GetAxes
                0x0000000008002a04       0xaa ./Drivers/BSP/Components/lis2dw12.o
                0x0000000008002a04                LIS2DW12_ACC_GetAxes
 .text.LIS2DW12_Write_Reg
                0x0000000008002aae       0x36 ./Drivers/BSP/Components/lis2dw12.o
                0x0000000008002aae                LIS2DW12_Write_Reg
 .text.LIS2DW12_ACC_SetOutputDataRate_When_Enabled
                0x0000000008002ae4      0x238 ./Drivers/BSP/Components/lis2dw12.o
 .text.LIS2DW12_ACC_SetOutputDataRate_When_Disabled
                0x0000000008002d1c      0x124 ./Drivers/BSP/Components/lis2dw12.o
 .text.ReadRegWrap
                0x0000000008002e40       0x36 ./Drivers/BSP/Components/lis2dw12.o
 .text.WriteRegWrap
                0x0000000008002e76       0x36 ./Drivers/BSP/Components/lis2dw12.o
 .text.lis2dw12_read_reg
                0x0000000008002eac       0x30 ./Drivers/BSP/Components/lis2dw12_reg.o
                0x0000000008002eac                lis2dw12_read_reg
 .text.lis2dw12_write_reg
                0x0000000008002edc       0x30 ./Drivers/BSP/Components/lis2dw12_reg.o
                0x0000000008002edc                lis2dw12_write_reg
 .text.lis2dw12_power_mode_set
                0x0000000008002f0c       0x9c ./Drivers/BSP/Components/lis2dw12_reg.o
                0x0000000008002f0c                lis2dw12_power_mode_set
 .text.lis2dw12_power_mode_get
                0x0000000008002fa8      0x174 ./Drivers/BSP/Components/lis2dw12_reg.o
                0x0000000008002fa8                lis2dw12_power_mode_get
 .text.lis2dw12_data_rate_set
                0x000000000800311c       0x8a ./Drivers/BSP/Components/lis2dw12_reg.o
                0x000000000800311c                lis2dw12_data_rate_set
 *fill*         0x00000000080031a6        0x2 
 .text.lis2dw12_data_rate_get
                0x00000000080031a8      0x194 ./Drivers/BSP/Components/lis2dw12_reg.o
                0x00000000080031a8                lis2dw12_data_rate_get
 .text.lis2dw12_block_data_update_set
                0x000000000800333c       0x4c ./Drivers/BSP/Components/lis2dw12_reg.o
                0x000000000800333c                lis2dw12_block_data_update_set
 .text.lis2dw12_full_scale_set
                0x0000000008003388       0x4c ./Drivers/BSP/Components/lis2dw12_reg.o
                0x0000000008003388                lis2dw12_full_scale_set
 .text.lis2dw12_full_scale_get
                0x00000000080033d4       0x70 ./Drivers/BSP/Components/lis2dw12_reg.o
                0x00000000080033d4                lis2dw12_full_scale_get
 .text.lis2dw12_acceleration_raw_get
                0x0000000008003444       0x96 ./Drivers/BSP/Components/lis2dw12_reg.o
                0x0000000008003444                lis2dw12_acceleration_raw_get
 .text.lis2dw12_device_id_get
                0x00000000080034da       0x22 ./Drivers/BSP/Components/lis2dw12_reg.o
                0x00000000080034da                lis2dw12_device_id_get
 .text.lis2dw12_auto_increment_set
                0x00000000080034fc       0x4c ./Drivers/BSP/Components/lis2dw12_reg.o
                0x00000000080034fc                lis2dw12_auto_increment_set
 .text.lis2dw12_fifo_mode_set
                0x0000000008003548       0x4c ./Drivers/BSP/Components/lis2dw12_reg.o
                0x0000000008003548                lis2dw12_fifo_mode_set
 .text.LIS2MDL_RegisterBusIO
                0x0000000008003594       0xf8 ./Drivers/BSP/Components/lis2mdl.o
                0x0000000008003594                LIS2MDL_RegisterBusIO
 .text.LIS2MDL_Init
                0x000000000800368c      0x10c ./Drivers/BSP/Components/lis2mdl.o
                0x000000000800368c                LIS2MDL_Init
 .text.LIS2MDL_DeInit
                0x0000000008003798       0x2c ./Drivers/BSP/Components/lis2mdl.o
                0x0000000008003798                LIS2MDL_DeInit
 .text.LIS2MDL_ReadID
                0x00000000080037c4       0x4c ./Drivers/BSP/Components/lis2mdl.o
                0x00000000080037c4                LIS2MDL_ReadID
 .text.LIS2MDL_GetCapabilities
                0x0000000008003810       0x5c ./Drivers/BSP/Components/lis2mdl.o
                0x0000000008003810                LIS2MDL_GetCapabilities
 .text.LIS2MDL_MAG_Enable
                0x000000000800386c       0x84 ./Drivers/BSP/Components/lis2mdl.o
                0x000000000800386c                LIS2MDL_MAG_Enable
 .text.LIS2MDL_MAG_Disable
                0x00000000080038f0       0x86 ./Drivers/BSP/Components/lis2mdl.o
                0x00000000080038f0                LIS2MDL_MAG_Disable
 .text.LIS2MDL_MAG_GetSensitivity
                0x0000000008003976       0x20 ./Drivers/BSP/Components/lis2mdl.o
                0x0000000008003976                LIS2MDL_MAG_GetSensitivity
 *fill*         0x0000000008003996        0x2 
 .text.LIS2MDL_MAG_GetOutputDataRate
                0x0000000008003998       0x8c ./Drivers/BSP/Components/lis2mdl.o
                0x0000000008003998                LIS2MDL_MAG_GetOutputDataRate
 .text.LIS2MDL_MAG_SetOutputDataRate
                0x0000000008003a24       0xc8 ./Drivers/BSP/Components/lis2mdl.o
                0x0000000008003a24                LIS2MDL_MAG_SetOutputDataRate
 .text.LIS2MDL_MAG_GetFullScale
                0x0000000008003aec       0x1e ./Drivers/BSP/Components/lis2mdl.o
                0x0000000008003aec                LIS2MDL_MAG_GetFullScale
 .text.LIS2MDL_MAG_SetFullScale
                0x0000000008003b0a       0x18 ./Drivers/BSP/Components/lis2mdl.o
                0x0000000008003b0a                LIS2MDL_MAG_SetFullScale
 .text.LIS2MDL_MAG_GetAxesRaw
                0x0000000008003b22       0x48 ./Drivers/BSP/Components/lis2mdl.o
                0x0000000008003b22                LIS2MDL_MAG_GetAxesRaw
 .text.LIS2MDL_MAG_GetAxes
                0x0000000008003b6a      0x114 ./Drivers/BSP/Components/lis2mdl.o
                0x0000000008003b6a                LIS2MDL_MAG_GetAxes
 .text.LIS2MDL_Write_Reg
                0x0000000008003c7e       0x56 ./Drivers/BSP/Components/lis2mdl.o
                0x0000000008003c7e                LIS2MDL_Write_Reg
 .text.ReadMagRegWrap
                0x0000000008003cd4       0x82 ./Drivers/BSP/Components/lis2mdl.o
 .text.WriteMagRegWrap
                0x0000000008003d56       0x82 ./Drivers/BSP/Components/lis2mdl.o
 .text.LSM6DSOX_SENSORHUB_LIS2MDL_ReadShData
                0x0000000008003dd8      0x27e ./Drivers/BSP/Components/lis2mdl.o
 .text.LSM6DSOX_SENSORHUB_LIS2MDL_WriteShData
                0x0000000008004056      0x23c ./Drivers/BSP/Components/lis2mdl.o
 .text.lis2mdl_read_reg
                0x0000000008004292       0x30 ./Drivers/BSP/Components/lis2mdl_reg.o
                0x0000000008004292                lis2mdl_read_reg
 .text.lis2mdl_write_reg
                0x00000000080042c2       0x30 ./Drivers/BSP/Components/lis2mdl_reg.o
                0x00000000080042c2                lis2mdl_write_reg
 .text.lis2mdl_operating_mode_set
                0x00000000080042f2       0x4c ./Drivers/BSP/Components/lis2mdl_reg.o
                0x00000000080042f2                lis2mdl_operating_mode_set
 .text.lis2mdl_data_rate_set
                0x000000000800433e       0x4c ./Drivers/BSP/Components/lis2mdl_reg.o
                0x000000000800433e                lis2mdl_data_rate_set
 *fill*         0x000000000800438a        0x2 
 .text.lis2mdl_data_rate_get
                0x000000000800438c       0x70 ./Drivers/BSP/Components/lis2mdl_reg.o
                0x000000000800438c                lis2mdl_data_rate_get
 .text.lis2mdl_block_data_update_set
                0x00000000080043fc       0x4c ./Drivers/BSP/Components/lis2mdl_reg.o
                0x00000000080043fc                lis2mdl_block_data_update_set
 .text.lis2mdl_magnetic_raw_get
                0x0000000008004448       0x96 ./Drivers/BSP/Components/lis2mdl_reg.o
                0x0000000008004448                lis2mdl_magnetic_raw_get
 .text.lis2mdl_device_id_get
                0x00000000080044de       0x22 ./Drivers/BSP/Components/lis2mdl_reg.o
                0x00000000080044de                lis2mdl_device_id_get
 .text.lis2mdl_self_test_set
                0x0000000008004500       0x4c ./Drivers/BSP/Components/lis2mdl_reg.o
                0x0000000008004500                lis2mdl_self_test_set
 .text.lis2mdl_i2c_interface_set
                0x000000000800454c       0x4c ./Drivers/BSP/Components/lis2mdl_reg.o
                0x000000000800454c                lis2mdl_i2c_interface_set
 .text.LSM6DSO_RegisterBusIO
                0x0000000008004598       0xcc ./Drivers/BSP/Components/lsm6dso.o
                0x0000000008004598                LSM6DSO_RegisterBusIO
 .text.LSM6DSO_Init
                0x0000000008004664       0xea ./Drivers/BSP/Components/lsm6dso.o
                0x0000000008004664                LSM6DSO_Init
 .text.LSM6DSO_DeInit
                0x000000000800474e       0x4e ./Drivers/BSP/Components/lsm6dso.o
                0x000000000800474e                LSM6DSO_DeInit
 .text.LSM6DSO_ReadID
                0x000000000800479c       0x2c ./Drivers/BSP/Components/lsm6dso.o
                0x000000000800479c                LSM6DSO_ReadID
 .text.LSM6DSO_GetCapabilities
                0x00000000080047c8       0x5c ./Drivers/BSP/Components/lsm6dso.o
                0x00000000080047c8                LSM6DSO_GetCapabilities
 .text.LSM6DSO_ACC_Enable
                0x0000000008004824       0x48 ./Drivers/BSP/Components/lsm6dso.o
                0x0000000008004824                LSM6DSO_ACC_Enable
 .text.LSM6DSO_ACC_Disable
                0x000000000800486c       0x5e ./Drivers/BSP/Components/lsm6dso.o
                0x000000000800486c                LSM6DSO_ACC_Disable
 *fill*         0x00000000080048ca        0x2 
 .text.LSM6DSO_ACC_GetSensitivity
                0x00000000080048cc       0x8c ./Drivers/BSP/Components/lsm6dso.o
                0x00000000080048cc                LSM6DSO_ACC_GetSensitivity
 .text.LSM6DSO_ACC_GetOutputDataRate
                0x0000000008004958      0x108 ./Drivers/BSP/Components/lsm6dso.o
                0x0000000008004958                LSM6DSO_ACC_GetOutputDataRate
 .text.LSM6DSO_ACC_SetOutputDataRate
                0x0000000008004a60       0x22 ./Drivers/BSP/Components/lsm6dso.o
                0x0000000008004a60                LSM6DSO_ACC_SetOutputDataRate
 *fill*         0x0000000008004a82        0x2 
 .text.LSM6DSO_ACC_SetOutputDataRate_With_Mode
                0x0000000008004a84      0x33c ./Drivers/BSP/Components/lsm6dso.o
                0x0000000008004a84                LSM6DSO_ACC_SetOutputDataRate_With_Mode
 .text.LSM6DSO_ACC_GetFullScale
                0x0000000008004dc0       0x7c ./Drivers/BSP/Components/lsm6dso.o
                0x0000000008004dc0                LSM6DSO_ACC_GetFullScale
 .text.LSM6DSO_ACC_SetFullScale
                0x0000000008004e3c       0x50 ./Drivers/BSP/Components/lsm6dso.o
                0x0000000008004e3c                LSM6DSO_ACC_SetFullScale
 .text.LSM6DSO_ACC_GetAxesRaw
                0x0000000008004e8c       0x48 ./Drivers/BSP/Components/lsm6dso.o
                0x0000000008004e8c                LSM6DSO_ACC_GetAxesRaw
 .text.LSM6DSO_ACC_GetAxes
                0x0000000008004ed4       0xae ./Drivers/BSP/Components/lsm6dso.o
                0x0000000008004ed4                LSM6DSO_ACC_GetAxes
 .text.LSM6DSO_GYRO_Enable
                0x0000000008004f82       0x48 ./Drivers/BSP/Components/lsm6dso.o
                0x0000000008004f82                LSM6DSO_GYRO_Enable
 .text.LSM6DSO_GYRO_Disable
                0x0000000008004fca       0x5e ./Drivers/BSP/Components/lsm6dso.o
                0x0000000008004fca                LSM6DSO_GYRO_Disable
 .text.LSM6DSO_GYRO_GetSensitivity
                0x0000000008005028       0xa4 ./Drivers/BSP/Components/lsm6dso.o
                0x0000000008005028                LSM6DSO_GYRO_GetSensitivity
 .text.LSM6DSO_GYRO_GetOutputDataRate
                0x00000000080050cc       0xf8 ./Drivers/BSP/Components/lsm6dso.o
                0x00000000080050cc                LSM6DSO_GYRO_GetOutputDataRate
 .text.LSM6DSO_GYRO_SetOutputDataRate
                0x00000000080051c4       0x22 ./Drivers/BSP/Components/lsm6dso.o
                0x00000000080051c4                LSM6DSO_GYRO_SetOutputDataRate
 *fill*         0x00000000080051e6        0x2 
 .text.LSM6DSO_GYRO_SetOutputDataRate_With_Mode
                0x00000000080051e8      0x12c ./Drivers/BSP/Components/lsm6dso.o
                0x00000000080051e8                LSM6DSO_GYRO_SetOutputDataRate_With_Mode
 .text.LSM6DSO_GYRO_GetFullScale
                0x0000000008005314       0x94 ./Drivers/BSP/Components/lsm6dso.o
                0x0000000008005314                LSM6DSO_GYRO_GetFullScale
 .text.LSM6DSO_GYRO_SetFullScale
                0x00000000080053a8       0x5e ./Drivers/BSP/Components/lsm6dso.o
                0x00000000080053a8                LSM6DSO_GYRO_SetFullScale
 .text.LSM6DSO_GYRO_GetAxesRaw
                0x0000000008005406       0x48 ./Drivers/BSP/Components/lsm6dso.o
                0x0000000008005406                LSM6DSO_GYRO_GetAxesRaw
 .text.LSM6DSO_GYRO_GetAxes
                0x000000000800544e       0xa8 ./Drivers/BSP/Components/lsm6dso.o
                0x000000000800544e                LSM6DSO_GYRO_GetAxes
 .text.LSM6DSO_Write_Reg
                0x00000000080054f6       0x36 ./Drivers/BSP/Components/lsm6dso.o
                0x00000000080054f6                LSM6DSO_Write_Reg
 .text.LSM6DSO_ACC_SetOutputDataRate_When_Enabled
                0x000000000800552c      0x130 ./Drivers/BSP/Components/lsm6dso.o
 .text.LSM6DSO_ACC_SetOutputDataRate_When_Disabled
                0x000000000800565c      0x120 ./Drivers/BSP/Components/lsm6dso.o
 .text.LSM6DSO_GYRO_SetOutputDataRate_When_Enabled
                0x000000000800577c      0x118 ./Drivers/BSP/Components/lsm6dso.o
 .text.LSM6DSO_GYRO_SetOutputDataRate_When_Disabled
                0x0000000008005894      0x104 ./Drivers/BSP/Components/lsm6dso.o
 .text.ReadRegWrap
                0x0000000008005998       0x36 ./Drivers/BSP/Components/lsm6dso.o
 .text.WriteRegWrap
                0x00000000080059ce       0x36 ./Drivers/BSP/Components/lsm6dso.o
 .text.lsm6dso_read_reg
                0x0000000008005a04       0x30 ./Drivers/BSP/Components/lsm6dso_reg.o
                0x0000000008005a04                lsm6dso_read_reg
 .text.lsm6dso_write_reg
                0x0000000008005a34       0x30 ./Drivers/BSP/Components/lsm6dso_reg.o
                0x0000000008005a34                lsm6dso_write_reg
 .text.lsm6dso_xl_full_scale_set
                0x0000000008005a64       0x4c ./Drivers/BSP/Components/lsm6dso_reg.o
                0x0000000008005a64                lsm6dso_xl_full_scale_set
 .text.lsm6dso_xl_full_scale_get
                0x0000000008005ab0       0x70 ./Drivers/BSP/Components/lsm6dso_reg.o
                0x0000000008005ab0                lsm6dso_xl_full_scale_get
 .text.lsm6dso_xl_data_rate_set
                0x0000000008005b20      0x1f8 ./Drivers/BSP/Components/lsm6dso_reg.o
                0x0000000008005b20                lsm6dso_xl_data_rate_set
 .text.lsm6dso_xl_data_rate_get
                0x0000000008005d18       0xd0 ./Drivers/BSP/Components/lsm6dso_reg.o
                0x0000000008005d18                lsm6dso_xl_data_rate_get
 .text.lsm6dso_gy_full_scale_set
                0x0000000008005de8       0x4c ./Drivers/BSP/Components/lsm6dso_reg.o
                0x0000000008005de8                lsm6dso_gy_full_scale_set
 .text.lsm6dso_gy_full_scale_get
                0x0000000008005e34       0x84 ./Drivers/BSP/Components/lsm6dso_reg.o
                0x0000000008005e34                lsm6dso_gy_full_scale_get
 .text.lsm6dso_gy_data_rate_set
                0x0000000008005eb8      0x1f8 ./Drivers/BSP/Components/lsm6dso_reg.o
                0x0000000008005eb8                lsm6dso_gy_data_rate_set
 .text.lsm6dso_gy_data_rate_get
                0x00000000080060b0       0xc4 ./Drivers/BSP/Components/lsm6dso_reg.o
                0x00000000080060b0                lsm6dso_gy_data_rate_get
 .text.lsm6dso_block_data_update_set
                0x0000000008006174       0x4c ./Drivers/BSP/Components/lsm6dso_reg.o
                0x0000000008006174                lsm6dso_block_data_update_set
 .text.lsm6dso_angular_rate_raw_get
                0x00000000080061c0       0x96 ./Drivers/BSP/Components/lsm6dso_reg.o
                0x00000000080061c0                lsm6dso_angular_rate_raw_get
 .text.lsm6dso_acceleration_raw_get
                0x0000000008006256       0x96 ./Drivers/BSP/Components/lsm6dso_reg.o
                0x0000000008006256                lsm6dso_acceleration_raw_get
 .text.lsm6dso_mem_bank_set
                0x00000000080062ec       0x4c ./Drivers/BSP/Components/lsm6dso_reg.o
                0x00000000080062ec                lsm6dso_mem_bank_set
 .text.lsm6dso_device_id_get
                0x0000000008006338       0x22 ./Drivers/BSP/Components/lsm6dso_reg.o
                0x0000000008006338                lsm6dso_device_id_get
 .text.lsm6dso_auto_increment_set
                0x000000000800635a       0x4c ./Drivers/BSP/Components/lsm6dso_reg.o
                0x000000000800635a                lsm6dso_auto_increment_set
 .text.lsm6dso_i3c_disable_set
                0x00000000080063a6       0x8c ./Drivers/BSP/Components/lsm6dso_reg.o
                0x00000000080063a6                lsm6dso_i3c_disable_set
 .text.lsm6dso_fifo_mode_set
                0x0000000008006432       0x4c ./Drivers/BSP/Components/lsm6dso_reg.o
                0x0000000008006432                lsm6dso_fifo_mode_set
 .text.lsm6dso_fsm_enable_get
                0x000000000800647e       0x42 ./Drivers/BSP/Components/lsm6dso_reg.o
                0x000000000800647e                lsm6dso_fsm_enable_get
 .text.lsm6dso_fsm_data_rate_get
                0x00000000080064c0       0x90 ./Drivers/BSP/Components/lsm6dso_reg.o
                0x00000000080064c0                lsm6dso_fsm_data_rate_get
 .text.IKS01A3_MOTION_SENSOR_Init
                0x0000000008006550      0x1f8 ./Drivers/BSP/IKS01A3/iks01a3_motion_sensors.o
                0x0000000008006550                IKS01A3_MOTION_SENSOR_Init
 .text.IKS01A3_MOTION_SENSOR_GetCapabilities
                0x0000000008006748       0x54 ./Drivers/BSP/IKS01A3/iks01a3_motion_sensors.o
                0x0000000008006748                IKS01A3_MOTION_SENSOR_GetCapabilities
 .text.IKS01A3_MOTION_SENSOR_GetAxes
                0x000000000800679c       0x88 ./Drivers/BSP/IKS01A3/iks01a3_motion_sensors.o
                0x000000000800679c                IKS01A3_MOTION_SENSOR_GetAxes
 .text.LSM6DSO_0_Probe
                0x0000000008006824      0x178 ./Drivers/BSP/IKS01A3/iks01a3_motion_sensors.o
 .text.LIS2DW12_0_Probe
                0x000000000800699c      0x148 ./Drivers/BSP/IKS01A3/iks01a3_motion_sensors.o
 .text.LIS2MDL_0_Probe
                0x0000000008006ae4      0x148 ./Drivers/BSP/IKS01A3/iks01a3_motion_sensors.o
 .text.SystemInit
                0x0000000008006c2c       0x24 ./Drivers/CMSIS/system_stm32f4xx.o
                0x0000000008006c2c                SystemInit
 .text.HAL_Init
                0x0000000008006c50       0x44 ./Drivers/STM32F4xx_HAL_Driver/stm32f4xx_hal.o
                0x0000000008006c50                HAL_Init
 .text.HAL_InitTick
                0x0000000008006c94       0x60 ./Drivers/STM32F4xx_HAL_Driver/stm32f4xx_hal.o
                0x0000000008006c94                HAL_InitTick
 .text.HAL_IncTick
                0x0000000008006cf4       0x28 ./Drivers/STM32F4xx_HAL_Driver/stm32f4xx_hal.o
                0x0000000008006cf4                HAL_IncTick
 .text.HAL_GetTick
                0x0000000008006d1c       0x18 ./Drivers/STM32F4xx_HAL_Driver/stm32f4xx_hal.o
                0x0000000008006d1c                HAL_GetTick
 .text.HAL_Delay
                0x0000000008006d34       0x48 ./Drivers/STM32F4xx_HAL_Driver/stm32f4xx_hal.o
                0x0000000008006d34                HAL_Delay
 .text.__NVIC_SetPriorityGrouping
                0x0000000008006d7c       0x48 ./Drivers/STM32F4xx_HAL_Driver/stm32f4xx_hal_cortex.o
 .text.__NVIC_GetPriorityGrouping
                0x0000000008006dc4       0x1c ./Drivers/STM32F4xx_HAL_Driver/stm32f4xx_hal_cortex.o
 .text.__NVIC_EnableIRQ
                0x0000000008006de0       0x3c ./Drivers/STM32F4xx_HAL_Driver/stm32f4xx_hal_cortex.o
 .text.__NVIC_SetPriority
                0x0000000008006e1c       0x54 ./Drivers/STM32F4xx_HAL_Driver/stm32f4xx_hal_cortex.o
 .text.NVIC_EncodePriority
                0x0000000008006e70       0x66 ./Drivers/STM32F4xx_HAL_Driver/stm32f4xx_hal_cortex.o
 *fill*         0x0000000008006ed6        0x2 
 .text.SysTick_Config
                0x0000000008006ed8       0x44 ./Drivers/STM32F4xx_HAL_Driver/stm32f4xx_hal_cortex.o
 .text.HAL_NVIC_SetPriorityGrouping
                0x0000000008006f1c       0x16 ./Drivers/STM32F4xx_HAL_Driver/stm32f4xx_hal_cortex.o
                0x0000000008006f1c                HAL_NVIC_SetPriorityGrouping
 .text.HAL_NVIC_SetPriority
                0x0000000008006f32       0x38 ./Drivers/STM32F4xx_HAL_Driver/stm32f4xx_hal_cortex.o
                0x0000000008006f32                HAL_NVIC_SetPriority
 .text.HAL_NVIC_EnableIRQ
                0x0000000008006f6a       0x1c ./Drivers/STM32F4xx_HAL_Driver/stm32f4xx_hal_cortex.o
                0x0000000008006f6a                HAL_NVIC_EnableIRQ
 .text.HAL_SYSTICK_Config
                0x0000000008006f86       0x18 ./Drivers/STM32F4xx_HAL_Driver/stm32f4xx_hal_cortex.o
                0x0000000008006f86                HAL_SYSTICK_Config
 .text.HAL_EXTI_RegisterCallback
                0x0000000008006f9e       0x34 ./Drivers/STM32F4xx_HAL_Driver/stm32f4xx_hal_exti.o
                0x0000000008006f9e                HAL_EXTI_RegisterCallback
 .text.HAL_EXTI_GetHandle
                0x0000000008006fd2       0x28 ./Drivers/STM32F4xx_HAL_Driver/stm32f4xx_hal_exti.o
                0x0000000008006fd2                HAL_EXTI_GetHandle
 *fill*         0x0000000008006ffa        0x2 
 .text.HAL_EXTI_IRQHandler
                0x0000000008006ffc       0x48 ./Drivers/STM32F4xx_HAL_Driver/stm32f4xx_hal_exti.o
                0x0000000008006ffc                HAL_EXTI_IRQHandler
 .text.HAL_GPIO_Init
                0x0000000008007044      0x308 ./Drivers/STM32F4xx_HAL_Driver/stm32f4xx_hal_gpio.o
                0x0000000008007044                HAL_GPIO_Init
 .text.HAL_GPIO_DeInit
                0x000000000800734c      0x1c8 ./Drivers/STM32F4xx_HAL_Driver/stm32f4xx_hal_gpio.o
                0x000000000800734c                HAL_GPIO_DeInit
 .text.HAL_GPIO_ReadPin
                0x0000000008007514       0x30 ./Drivers/STM32F4xx_HAL_Driver/stm32f4xx_hal_gpio.o
                0x0000000008007514                HAL_GPIO_ReadPin
 .text.HAL_GPIO_WritePin
                0x0000000008007544       0x32 ./Drivers/STM32F4xx_HAL_Driver/stm32f4xx_hal_gpio.o
                0x0000000008007544                HAL_GPIO_WritePin
 *fill*         0x0000000008007576        0x2 
 .text.HAL_I2C_Init
                0x0000000008007578      0x288 ./Drivers/STM32F4xx_HAL_Driver/stm32f4xx_hal_i2c.o
                0x0000000008007578                HAL_I2C_Init
 .text.HAL_I2C_DeInit
                0x0000000008007800       0x5e ./Drivers/STM32F4xx_HAL_Driver/stm32f4xx_hal_i2c.o
                0x0000000008007800                HAL_I2C_DeInit
 .text.HAL_I2C_MspInit
                0x000000000800785e       0x14 ./Drivers/STM32F4xx_HAL_Driver/stm32f4xx_hal_i2c.o
                0x000000000800785e                HAL_I2C_MspInit
 .text.HAL_I2C_MspDeInit
                0x0000000008007872       0x14 ./Drivers/STM32F4xx_HAL_Driver/stm32f4xx_hal_i2c.o
                0x0000000008007872                HAL_I2C_MspDeInit
 *fill*         0x0000000008007886        0x2 
 .text.HAL_I2C_Mem_Write
                0x0000000008007888      0x1f4 ./Drivers/STM32F4xx_HAL_Driver/stm32f4xx_hal_i2c.o
                0x0000000008007888                HAL_I2C_Mem_Write
 .text.HAL_I2C_Mem_Read
                0x0000000008007a7c      0x44c ./Drivers/STM32F4xx_HAL_Driver/stm32f4xx_hal_i2c.o
                0x0000000008007a7c                HAL_I2C_Mem_Read
 .text.HAL_I2C_GetState
                0x0000000008007ec8       0x1c ./Drivers/STM32F4xx_HAL_Driver/stm32f4xx_hal_i2c.o
                0x0000000008007ec8                HAL_I2C_GetState
 .text.HAL_I2C_GetError
                0x0000000008007ee4       0x18 ./Drivers/STM32F4xx_HAL_Driver/stm32f4xx_hal_i2c.o
                0x0000000008007ee4                HAL_I2C_GetError
 .text.I2C_RequestMemoryWrite
                0x0000000008007efc      0x12c ./Drivers/STM32F4xx_HAL_Driver/stm32f4xx_hal_i2c.o
 .text.I2C_RequestMemoryRead
                0x0000000008008028      0x1d0 ./Drivers/STM32F4xx_HAL_Driver/stm32f4xx_hal_i2c.o
 .text.I2C_WaitOnFlagUntilTimeout
                0x00000000080081f8       0xae ./Drivers/STM32F4xx_HAL_Driver/stm32f4xx_hal_i2c.o
 .text.I2C_WaitOnMasterAddressFlagUntilTimeout
                0x00000000080082a6       0xfe ./Drivers/STM32F4xx_HAL_Driver/stm32f4xx_hal_i2c.o
 .text.I2C_WaitOnTXEFlagUntilTimeout
                0x00000000080083a4       0x82 ./Drivers/STM32F4xx_HAL_Driver/stm32f4xx_hal_i2c.o
 .text.I2C_WaitOnBTFFlagUntilTimeout
                0x0000000008008426       0x82 ./Drivers/STM32F4xx_HAL_Driver/stm32f4xx_hal_i2c.o
 .text.I2C_WaitOnRXNEFlagUntilTimeout
                0x00000000080084a8       0xac ./Drivers/STM32F4xx_HAL_Driver/stm32f4xx_hal_i2c.o
 .text.I2C_IsAcknowledgeFailed
                0x0000000008008554       0x5e ./Drivers/STM32F4xx_HAL_Driver/stm32f4xx_hal_i2c.o
 *fill*         0x00000000080085b2        0x2 
 .text.HAL_RCC_OscConfig
                0x00000000080085b4      0x4f0 ./Drivers/STM32F4xx_HAL_Driver/stm32f4xx_hal_rcc.o
                0x00000000080085b4                HAL_RCC_OscConfig
 .text.HAL_RCC_ClockConfig
                0x0000000008008aa4      0x1cc ./Drivers/STM32F4xx_HAL_Driver/stm32f4xx_hal_rcc.o
                0x0000000008008aa4                HAL_RCC_ClockConfig
 .text.HAL_RCC_GetSysClockFreq
                0x0000000008008c70      0x20c ./Drivers/STM32F4xx_HAL_Driver/stm32f4xx_hal_rcc.o
                0x0000000008008c70                HAL_RCC_GetSysClockFreq
 .text.HAL_RCC_GetHCLKFreq
                0x0000000008008e7c       0x18 ./Drivers/STM32F4xx_HAL_Driver/stm32f4xx_hal_rcc.o
                0x0000000008008e7c                HAL_RCC_GetHCLKFreq
 .text.HAL_RCC_GetPCLK1Freq
                0x0000000008008e94       0x28 ./Drivers/STM32F4xx_HAL_Driver/stm32f4xx_hal_rcc.o
                0x0000000008008e94                HAL_RCC_GetPCLK1Freq
 .text.HAL_RCC_GetPCLK2Freq
                0x0000000008008ebc       0x28 ./Drivers/STM32F4xx_HAL_Driver/stm32f4xx_hal_rcc.o
                0x0000000008008ebc                HAL_RCC_GetPCLK2Freq
 .text.HAL_UART_Init
                0x0000000008008ee4       0x9a ./Drivers/STM32F4xx_HAL_Driver/stm32f4xx_hal_uart.o
                0x0000000008008ee4                HAL_UART_Init
 .text.HAL_UART_MspInit
                0x0000000008008f7e       0x14 ./Drivers/STM32F4xx_HAL_Driver/stm32f4xx_hal_uart.o
                0x0000000008008f7e                HAL_UART_MspInit
 .text.HAL_UART_Transmit
                0x0000000008008f92      0x124 ./Drivers/STM32F4xx_HAL_Driver/stm32f4xx_hal_uart.o
                0x0000000008008f92                HAL_UART_Transmit
 .text.UART_WaitOnFlagUntilTimeout
                0x00000000080090b6       0x94 ./Drivers/STM32F4xx_HAL_Driver/stm32f4xx_hal_uart.o
 *fill*         0x000000000800914a        0x2 
 .text.UART_SetConfig
                0x000000000800914c      0x4e8 ./Drivers/STM32F4xx_HAL_Driver/stm32f4xx_hal_uart.o
 .text.__errno  0x0000000008009634        0xc c:/st/stm32cubeide_1.9.0/stm32cubeide/plugins/com.st.stm32cube.ide.mcu.externaltools.gnu-tools-for-stm32.10.3-2021.10.win32_1.0.0.202111181127/tools/bin/../lib/gcc/arm-none-eabi/10.3.1/../../../../arm-none-eabi/lib/thumb/v7e-m+fp/hard\libc_nano.a(lib_a-errno.o)
                0x0000000008009634                __errno
 .text.__libc_init_array
                0x0000000008009640       0x48 c:/st/stm32cubeide_1.9.0/stm32cubeide/plugins/com.st.stm32cube.ide.mcu.externaltools.gnu-tools-for-stm32.10.3-2021.10.win32_1.0.0.202111181127/tools/bin/../lib/gcc/arm-none-eabi/10.3.1/../../../../arm-none-eabi/lib/thumb/v7e-m+fp/hard\libc_nano.a(lib_a-init.o)
                0x0000000008009640                __libc_init_array
 .text.memset   0x0000000008009688       0x10 c:/st/stm32cubeide_1.9.0/stm32cubeide/plugins/com.st.stm32cube.ide.mcu.externaltools.gnu-tools-for-stm32.10.3-2021.10.win32_1.0.0.202111181127/tools/bin/../lib/gcc/arm-none-eabi/10.3.1/../../../../arm-none-eabi/lib/thumb/v7e-m+fp/hard\libc_nano.a(lib_a-memset.o)
                0x0000000008009688                memset
 .text.printf   0x0000000008009698       0x30 c:/st/stm32cubeide_1.9.0/stm32cubeide/plugins/com.st.stm32cube.ide.mcu.externaltools.gnu-tools-for-stm32.10.3-2021.10.win32_1.0.0.202111181127/tools/bin/../lib/gcc/arm-none-eabi/10.3.1/../../../../arm-none-eabi/lib/thumb/v7e-m+fp/hard\libc_nano.a(lib_a-printf.o)
                0x0000000008009698                iprintf
                0x0000000008009698                printf
 .text.snprintf
                0x00000000080096c8       0x68 c:/st/stm32cubeide_1.9.0/stm32cubeide/plugins/com.st.stm32cube.ide.mcu.externaltools.gnu-tools-for-stm32.10.3-2021.10.win32_1.0.0.202111181127/tools/bin/../lib/gcc/arm-none-eabi/10.3.1/../../../../arm-none-eabi/lib/thumb/v7e-m+fp/hard\libc_nano.a(lib_a-snprintf.o)
                0x00000000080096c8                sniprintf
                0x00000000080096c8                snprintf
 .text.std      0x0000000008009730       0x48 c:/st/stm32cubeide_1.9.0/stm32cubeide/plugins/com.st.stm32cube.ide.mcu.externaltools.gnu-tools-for-stm32.10.3-2021.10.win32_1.0.0.202111181127/tools/bin/../lib/gcc/arm-none-eabi/10.3.1/../../../../arm-none-eabi/lib/thumb/v7e-m+fp/hard\libc_nano.a(lib_a-findfp.o)
 .text._cleanup_r
                0x0000000008009778        0xc c:/st/stm32cubeide_1.9.0/stm32cubeide/plugins/com.st.stm32cube.ide.mcu.externaltools.gnu-tools-for-stm32.10.3-2021.10.win32_1.0.0.202111181127/tools/bin/../lib/gcc/arm-none-eabi/10.3.1/../../../../arm-none-eabi/lib/thumb/v7e-m+fp/hard\libc_nano.a(lib_a-findfp.o)
                0x0000000008009778                _cleanup_r
 .text.__sfmoreglue
                0x0000000008009784       0x2c c:/st/stm32cubeide_1.9.0/stm32cubeide/plugins/com.st.stm32cube.ide.mcu.externaltools.gnu-tools-for-stm32.10.3-2021.10.win32_1.0.0.202111181127/tools/bin/../lib/gcc/arm-none-eabi/10.3.1/../../../../arm-none-eabi/lib/thumb/v7e-m+fp/hard\libc_nano.a(lib_a-findfp.o)
                0x0000000008009784                __sfmoreglue
 .text.__sfp_lock_acquire
                0x00000000080097b0        0xc c:/st/stm32cubeide_1.9.0/stm32cubeide/plugins/com.st.stm32cube.ide.mcu.externaltools.gnu-tools-for-stm32.10.3-2021.10.win32_1.0.0.202111181127/tools/bin/../lib/gcc/arm-none-eabi/10.3.1/../../../../arm-none-eabi/lib/thumb/v7e-m+fp/hard\libc_nano.a(lib_a-findfp.o)
                0x00000000080097b0                __sfp_lock_acquire
 .text.__sfp_lock_release
                0x00000000080097bc        0xc c:/st/stm32cubeide_1.9.0/stm32cubeide/plugins/com.st.stm32cube.ide.mcu.externaltools.gnu-tools-for-stm32.10.3-2021.10.win32_1.0.0.202111181127/tools/bin/../lib/gcc/arm-none-eabi/10.3.1/../../../../arm-none-eabi/lib/thumb/v7e-m+fp/hard\libc_nano.a(lib_a-findfp.o)
                0x00000000080097bc                __sfp_lock_release
 .text.__sinit_lock_acquire
                0x00000000080097c8        0xc c:/st/stm32cubeide_1.9.0/stm32cubeide/plugins/com.st.stm32cube.ide.mcu.externaltools.gnu-tools-for-stm32.10.3-2021.10.win32_1.0.0.202111181127/tools/bin/../lib/gcc/arm-none-eabi/10.3.1/../../../../arm-none-eabi/lib/thumb/v7e-m+fp/hard\libc_nano.a(lib_a-findfp.o)
                0x00000000080097c8                __sinit_lock_acquire
 .text.__sinit_lock_release
                0x00000000080097d4        0xc c:/st/stm32cubeide_1.9.0/stm32cubeide/plugins/com.st.stm32cube.ide.mcu.externaltools.gnu-tools-for-stm32.10.3-2021.10.win32_1.0.0.202111181127/tools/bin/../lib/gcc/arm-none-eabi/10.3.1/../../../../arm-none-eabi/lib/thumb/v7e-m+fp/hard\libc_nano.a(lib_a-findfp.o)
                0x00000000080097d4                __sinit_lock_release
 .text.__sinit  0x00000000080097e0       0x70 c:/st/stm32cubeide_1.9.0/stm32cubeide/plugins/com.st.stm32cube.ide.mcu.externaltools.gnu-tools-for-stm32.10.3-2021.10.win32_1.0.0.202111181127/tools/bin/../lib/gcc/arm-none-eabi/10.3.1/../../../../arm-none-eabi/lib/thumb/v7e-m+fp/hard\libc_nano.a(lib_a-findfp.o)
                0x00000000080097e0                __sinit
 .text.__sfp    0x0000000008009850       0x8c c:/st/stm32cubeide_1.9.0/stm32cubeide/plugins/com.st.stm32cube.ide.mcu.externaltools.gnu-tools-for-stm32.10.3-2021.10.win32_1.0.0.202111181127/tools/bin/../lib/gcc/arm-none-eabi/10.3.1/../../../../arm-none-eabi/lib/thumb/v7e-m+fp/hard\libc_nano.a(lib_a-findfp.o)
                0x0000000008009850                __sfp
 .text._fwalk_reent
                0x00000000080098dc       0x3e c:/st/stm32cubeide_1.9.0/stm32cubeide/plugins/com.st.stm32cube.ide.mcu.externaltools.gnu-tools-for-stm32.10.3-2021.10.win32_1.0.0.202111181127/tools/bin/../lib/gcc/arm-none-eabi/10.3.1/../../../../arm-none-eabi/lib/thumb/v7e-m+fp/hard\libc_nano.a(lib_a-fwalk.o)
                0x00000000080098dc                _fwalk_reent
 .text.__retarget_lock_init_recursive
                0x000000000800991a        0x2 c:/st/stm32cubeide_1.9.0/stm32cubeide/plugins/com.st.stm32cube.ide.mcu.externaltools.gnu-tools-for-stm32.10.3-2021.10.win32_1.0.0.202111181127/tools/bin/../lib/gcc/arm-none-eabi/10.3.1/../../../../arm-none-eabi/lib/thumb/v7e-m+fp/hard\libc_nano.a(lib_a-lock.o)
                0x000000000800991a                __retarget_lock_init_recursive
 .text.__retarget_lock_acquire_recursive
                0x000000000800991c        0x2 c:/st/stm32cubeide_1.9.0/stm32cubeide/plugins/com.st.stm32cube.ide.mcu.externaltools.gnu-tools-for-stm32.10.3-2021.10.win32_1.0.0.202111181127/tools/bin/../lib/gcc/arm-none-eabi/10.3.1/../../../../arm-none-eabi/lib/thumb/v7e-m+fp/hard\libc_nano.a(lib_a-lock.o)
                0x000000000800991c                __retarget_lock_acquire_recursive
 .text.__retarget_lock_release_recursive
                0x000000000800991e        0x2 c:/st/stm32cubeide_1.9.0/stm32cubeide/plugins/com.st.stm32cube.ide.mcu.externaltools.gnu-tools-for-stm32.10.3-2021.10.win32_1.0.0.202111181127/tools/bin/../lib/gcc/arm-none-eabi/10.3.1/../../../../arm-none-eabi/lib/thumb/v7e-m+fp/hard\libc_nano.a(lib_a-lock.o)
                0x000000000800991e                __retarget_lock_release_recursive
 .text.sbrk_aligned
                0x0000000008009920       0x40 c:/st/stm32cubeide_1.9.0/stm32cubeide/plugins/com.st.stm32cube.ide.mcu.externaltools.gnu-tools-for-stm32.10.3-2021.10.win32_1.0.0.202111181127/tools/bin/../lib/gcc/arm-none-eabi/10.3.1/../../../../arm-none-eabi/lib/thumb/v7e-m+fp/hard\libc_nano.a(lib_a-nano-mallocr.o)
 .text._malloc_r
                0x0000000008009960       0xe8 c:/st/stm32cubeide_1.9.0/stm32cubeide/plugins/com.st.stm32cube.ide.mcu.externaltools.gnu-tools-for-stm32.10.3-2021.10.win32_1.0.0.202111181127/tools/bin/../lib/gcc/arm-none-eabi/10.3.1/../../../../arm-none-eabi/lib/thumb/v7e-m+fp/hard\libc_nano.a(lib_a-nano-mallocr.o)
                0x0000000008009960                _malloc_r
 .text.__ssputs_r
                0x0000000008009a48       0xb6 c:/st/stm32cubeide_1.9.0/stm32cubeide/plugins/com.st.stm32cube.ide.mcu.externaltools.gnu-tools-for-stm32.10.3-2021.10.win32_1.0.0.202111181127/tools/bin/../lib/gcc/arm-none-eabi/10.3.1/../../../../arm-none-eabi/lib/thumb/v7e-m+fp/hard\libc_nano.a(lib_a-nano-svfprintf.o)
                0x0000000008009a48                __ssputs_r
 *fill*         0x0000000008009afe        0x2 
 .text._svfprintf_r
                0x0000000008009b00      0x200 c:/st/stm32cubeide_1.9.0/stm32cubeide/plugins/com.st.stm32cube.ide.mcu.externaltools.gnu-tools-for-stm32.10.3-2021.10.win32_1.0.0.202111181127/tools/bin/../lib/gcc/arm-none-eabi/10.3.1/../../../../arm-none-eabi/lib/thumb/v7e-m+fp/hard\libc_nano.a(lib_a-nano-svfprintf.o)
                0x0000000008009b00                _svfiprintf_r
                0x0000000008009b00                _svfprintf_r
 .text.__sfputc_r
                0x0000000008009d00       0x2e c:/st/stm32cubeide_1.9.0/stm32cubeide/plugins/com.st.stm32cube.ide.mcu.externaltools.gnu-tools-for-stm32.10.3-2021.10.win32_1.0.0.202111181127/tools/bin/../lib/gcc/arm-none-eabi/10.3.1/../../../../arm-none-eabi/lib/thumb/v7e-m+fp/hard\libc_nano.a(lib_a-nano-vfprintf.o)
 .text.__sfputs_r
                0x0000000008009d2e       0x24 c:/st/stm32cubeide_1.9.0/stm32cubeide/plugins/com.st.stm32cube.ide.mcu.externaltools.gnu-tools-for-stm32.10.3-2021.10.win32_1.0.0.202111181127/tools/bin/../lib/gcc/arm-none-eabi/10.3.1/../../../../arm-none-eabi/lib/thumb/v7e-m+fp/hard\libc_nano.a(lib_a-nano-vfprintf.o)
                0x0000000008009d2e                __sfputs_r
 *fill*         0x0000000008009d52        0x2 
 .text._vfprintf_r
                0x0000000008009d54      0x260 c:/st/stm32cubeide_1.9.0/stm32cubeide/plugins/com.st.stm32cube.ide.mcu.externaltools.gnu-tools-for-stm32.10.3-2021.10.win32_1.0.0.202111181127/tools/bin/../lib/gcc/arm-none-eabi/10.3.1/../../../../arm-none-eabi/lib/thumb/v7e-m+fp/hard\libc_nano.a(lib_a-nano-vfprintf.o)
                0x0000000008009d54                _vfprintf_r
                0x0000000008009d54                _vfiprintf_r
 .text._printf_common
                0x0000000008009fb4       0xda c:/st/stm32cubeide_1.9.0/stm32cubeide/plugins/com.st.stm32cube.ide.mcu.externaltools.gnu-tools-for-stm32.10.3-2021.10.win32_1.0.0.202111181127/tools/bin/../lib/gcc/arm-none-eabi/10.3.1/../../../../arm-none-eabi/lib/thumb/v7e-m+fp/hard\libc_nano.a(lib_a-nano-vfprintf_i.o)
                0x0000000008009fb4                _printf_common
 *fill*         0x000000000800a08e        0x2 
 .text._printf_i
                0x000000000800a090      0x24c c:/st/stm32cubeide_1.9.0/stm32cubeide/plugins/com.st.stm32cube.ide.mcu.externaltools.gnu-tools-for-stm32.10.3-2021.10.win32_1.0.0.202111181127/tools/bin/../lib/gcc/arm-none-eabi/10.3.1/../../../../arm-none-eabi/lib/thumb/v7e-m+fp/hard\libc_nano.a(lib_a-nano-vfprintf_i.o)
                0x000000000800a090                _printf_i
 .text._sbrk_r  0x000000000800a2dc       0x20 c:/st/stm32cubeide_1.9.0/stm32cubeide/plugins/com.st.stm32cube.ide.mcu.externaltools.gnu-tools-for-stm32.10.3-2021.10.win32_1.0.0.202111181127/tools/bin/../lib/gcc/arm-none-eabi/10.3.1/../../../../arm-none-eabi/lib/thumb/v7e-m+fp/hard\libc_nano.a(lib_a-sbrkr.o)
                0x000000000800a2dc                _sbrk_r
 .text.__sread  0x000000000800a2fc       0x22 c:/st/stm32cubeide_1.9.0/stm32cubeide/plugins/com.st.stm32cube.ide.mcu.externaltools.gnu-tools-for-stm32.10.3-2021.10.win32_1.0.0.202111181127/tools/bin/../lib/gcc/arm-none-eabi/10.3.1/../../../../arm-none-eabi/lib/thumb/v7e-m+fp/hard\libc_nano.a(lib_a-stdio.o)
                0x000000000800a2fc                __sread
 .text.__swrite
                0x000000000800a31e       0x38 c:/st/stm32cubeide_1.9.0/stm32cubeide/plugins/com.st.stm32cube.ide.mcu.externaltools.gnu-tools-for-stm32.10.3-2021.10.win32_1.0.0.202111181127/tools/bin/../lib/gcc/arm-none-eabi/10.3.1/../../../../arm-none-eabi/lib/thumb/v7e-m+fp/hard\libc_nano.a(lib_a-stdio.o)
                0x000000000800a31e                __swrite
 .text.__sseek  0x000000000800a356       0x24 c:/st/stm32cubeide_1.9.0/stm32cubeide/plugins/com.st.stm32cube.ide.mcu.externaltools.gnu-tools-for-stm32.10.3-2021.10.win32_1.0.0.202111181127/tools/bin/../lib/gcc/arm-none-eabi/10.3.1/../../../../arm-none-eabi/lib/thumb/v7e-m+fp/hard\libc_nano.a(lib_a-stdio.o)
                0x000000000800a356                __sseek
 .text.__sclose
                0x000000000800a37a        0x8 c:/st/stm32cubeide_1.9.0/stm32cubeide/plugins/com.st.stm32cube.ide.mcu.externaltools.gnu-tools-for-stm32.10.3-2021.10.win32_1.0.0.202111181127/tools/bin/../lib/gcc/arm-none-eabi/10.3.1/../../../../arm-none-eabi/lib/thumb/v7e-m+fp/hard\libc_nano.a(lib_a-stdio.o)
                0x000000000800a37a                __sclose
 *fill*         0x000000000800a382        0x2 
 .text.__swbuf_r
                0x000000000800a384       0xa4 c:/st/stm32cubeide_1.9.0/stm32cubeide/plugins/com.st.stm32cube.ide.mcu.externaltools.gnu-tools-for-stm32.10.3-2021.10.win32_1.0.0.202111181127/tools/bin/../lib/gcc/arm-none-eabi/10.3.1/../../../../arm-none-eabi/lib/thumb/v7e-m+fp/hard\libc_nano.a(lib_a-wbuf.o)
                0x000000000800a384                __swbuf_r
 .text._write_r
                0x000000000800a428       0x24 c:/st/stm32cubeide_1.9.0/stm32cubeide/plugins/com.st.stm32cube.ide.mcu.externaltools.gnu-tools-for-stm32.10.3-2021.10.win32_1.0.0.202111181127/tools/bin/../lib/gcc/arm-none-eabi/10.3.1/../../../../arm-none-eabi/lib/thumb/v7e-m+fp/hard\libc_nano.a(lib_a-writer.o)
                0x000000000800a428                _write_r
 .text.__swsetup_r
                0x000000000800a44c       0xdc c:/st/stm32cubeide_1.9.0/stm32cubeide/plugins/com.st.stm32cube.ide.mcu.externaltools.gnu-tools-for-stm32.10.3-2021.10.win32_1.0.0.202111181127/tools/bin/../lib/gcc/arm-none-eabi/10.3.1/../../../../arm-none-eabi/lib/thumb/v7e-m+fp/hard\libc_nano.a(lib_a-wsetup.o)
                0x000000000800a44c                __swsetup_r
 .text._close_r
                0x000000000800a528       0x20 c:/st/stm32cubeide_1.9.0/stm32cubeide/plugins/com.st.stm32cube.ide.mcu.externaltools.gnu-tools-for-stm32.10.3-2021.10.win32_1.0.0.202111181127/tools/bin/../lib/gcc/arm-none-eabi/10.3.1/../../../../arm-none-eabi/lib/thumb/v7e-m+fp/hard\libc_nano.a(lib_a-closer.o)
                0x000000000800a528                _close_r
 .text.__sflush_r
                0x000000000800a548      0x10c c:/st/stm32cubeide_1.9.0/stm32cubeide/plugins/com.st.stm32cube.ide.mcu.externaltools.gnu-tools-for-stm32.10.3-2021.10.win32_1.0.0.202111181127/tools/bin/../lib/gcc/arm-none-eabi/10.3.1/../../../../arm-none-eabi/lib/thumb/v7e-m+fp/hard\libc_nano.a(lib_a-fflush.o)
                0x000000000800a548                __sflush_r
 .text._fflush_r
                0x000000000800a654       0x78 c:/st/stm32cubeide_1.9.0/stm32cubeide/plugins/com.st.stm32cube.ide.mcu.externaltools.gnu-tools-for-stm32.10.3-2021.10.win32_1.0.0.202111181127/tools/bin/../lib/gcc/arm-none-eabi/10.3.1/../../../../arm-none-eabi/lib/thumb/v7e-m+fp/hard\libc_nano.a(lib_a-fflush.o)
                0x000000000800a654                _fflush_r
 .text._lseek_r
                0x000000000800a6cc       0x24 c:/st/stm32cubeide_1.9.0/stm32cubeide/plugins/com.st.stm32cube.ide.mcu.externaltools.gnu-tools-for-stm32.10.3-2021.10.win32_1.0.0.202111181127/tools/bin/../lib/gcc/arm-none-eabi/10.3.1/../../../../arm-none-eabi/lib/thumb/v7e-m+fp/hard\libc_nano.a(lib_a-lseekr.o)
                0x000000000800a6cc                _lseek_r
 .text.__swhatbuf_r
                0x000000000800a6f0       0x4a c:/st/stm32cubeide_1.9.0/stm32cubeide/plugins/com.st.stm32cube.ide.mcu.externaltools.gnu-tools-for-stm32.10.3-2021.10.win32_1.0.0.202111181127/tools/bin/../lib/gcc/arm-none-eabi/10.3.1/../../../../arm-none-eabi/lib/thumb/v7e-m+fp/hard\libc_nano.a(lib_a-makebuf.o)
                0x000000000800a6f0                __swhatbuf_r
 *fill*         0x000000000800a73a        0x2 
 .text.__smakebuf_r
                0x000000000800a73c       0x80 c:/st/stm32cubeide_1.9.0/stm32cubeide/plugins/com.st.stm32cube.ide.mcu.externaltools.gnu-tools-for-stm32.10.3-2021.10.win32_1.0.0.202111181127/tools/bin/../lib/gcc/arm-none-eabi/10.3.1/../../../../arm-none-eabi/lib/thumb/v7e-m+fp/hard\libc_nano.a(lib_a-makebuf.o)
                0x000000000800a73c                __smakebuf_r
 .text.memcpy   0x000000000800a7bc       0x1c c:/st/stm32cubeide_1.9.0/stm32cubeide/plugins/com.st.stm32cube.ide.mcu.externaltools.gnu-tools-for-stm32.10.3-2021.10.win32_1.0.0.202111181127/tools/bin/../lib/gcc/arm-none-eabi/10.3.1/../../../../arm-none-eabi/lib/thumb/v7e-m+fp/hard\libc_nano.a(lib_a-memcpy-stub.o)
                0x000000000800a7bc                memcpy
 .text.memmove  0x000000000800a7d8       0x34 c:/st/stm32cubeide_1.9.0/stm32cubeide/plugins/com.st.stm32cube.ide.mcu.externaltools.gnu-tools-for-stm32.10.3-2021.10.win32_1.0.0.202111181127/tools/bin/../lib/gcc/arm-none-eabi/10.3.1/../../../../arm-none-eabi/lib/thumb/v7e-m+fp/hard\libc_nano.a(lib_a-memmove.o)
                0x000000000800a7d8                memmove
 .text.__malloc_lock
                0x000000000800a80c        0xc c:/st/stm32cubeide_1.9.0/stm32cubeide/plugins/com.st.stm32cube.ide.mcu.externaltools.gnu-tools-for-stm32.10.3-2021.10.win32_1.0.0.202111181127/tools/bin/../lib/gcc/arm-none-eabi/10.3.1/../../../../arm-none-eabi/lib/thumb/v7e-m+fp/hard\libc_nano.a(lib_a-mlock.o)
                0x000000000800a80c                __malloc_lock
 .text.__malloc_unlock
                0x000000000800a818        0xc c:/st/stm32cubeide_1.9.0/stm32cubeide/plugins/com.st.stm32cube.ide.mcu.externaltools.gnu-tools-for-stm32.10.3-2021.10.win32_1.0.0.202111181127/tools/bin/../lib/gcc/arm-none-eabi/10.3.1/../../../../arm-none-eabi/lib/thumb/v7e-m+fp/hard\libc_nano.a(lib_a-mlock.o)
                0x000000000800a818                __malloc_unlock
 .text._free_r  0x000000000800a824       0x98 c:/st/stm32cubeide_1.9.0/stm32cubeide/plugins/com.st.stm32cube.ide.mcu.externaltools.gnu-tools-for-stm32.10.3-2021.10.win32_1.0.0.202111181127/tools/bin/../lib/gcc/arm-none-eabi/10.3.1/../../../../arm-none-eabi/lib/thumb/v7e-m+fp/hard\libc_nano.a(lib_a-nano-freer.o)
                0x000000000800a824                _free_r
 .text._realloc_r
                0x000000000800a8bc       0x5e c:/st/stm32cubeide_1.9.0/stm32cubeide/plugins/com.st.stm32cube.ide.mcu.externaltools.gnu-tools-for-stm32.10.3-2021.10.win32_1.0.0.202111181127/tools/bin/../lib/gcc/arm-none-eabi/10.3.1/../../../../arm-none-eabi/lib/thumb/v7e-m+fp/hard\libc_nano.a(lib_a-nano-reallocr.o)
                0x000000000800a8bc                _realloc_r
 *fill*         0x000000000800a91a        0x2 
 .text._read_r  0x000000000800a91c       0x24 c:/st/stm32cubeide_1.9.0/stm32cubeide/plugins/com.st.stm32cube.ide.mcu.externaltools.gnu-tools-for-stm32.10.3-2021.10.win32_1.0.0.202111181127/tools/bin/../lib/gcc/arm-none-eabi/10.3.1/../../../../arm-none-eabi/lib/thumb/v7e-m+fp/hard\libc_nano.a(lib_a-readr.o)
                0x000000000800a91c                _read_r
 .text._fstat_r
                0x000000000800a940       0x24 c:/st/stm32cubeide_1.9.0/stm32cubeide/plugins/com.st.stm32cube.ide.mcu.externaltools.gnu-tools-for-stm32.10.3-2021.10.win32_1.0.0.202111181127/tools/bin/../lib/gcc/arm-none-eabi/10.3.1/../../../../arm-none-eabi/lib/thumb/v7e-m+fp/hard\libc_nano.a(lib_a-fstatr.o)
                0x000000000800a940                _fstat_r
 .text._isatty_r
                0x000000000800a964       0x20 c:/st/stm32cubeide_1.9.0/stm32cubeide/plugins/com.st.stm32cube.ide.mcu.externaltools.gnu-tools-for-stm32.10.3-2021.10.win32_1.0.0.202111181127/tools/bin/../lib/gcc/arm-none-eabi/10.3.1/../../../../arm-none-eabi/lib/thumb/v7e-m+fp/hard\libc_nano.a(lib_a-isattyr.o)
                0x000000000800a964                _isatty_r
 .text._malloc_usable_size_r
                0x000000000800a984       0x10 c:/st/stm32cubeide_1.9.0/stm32cubeide/plugins/com.st.stm32cube.ide.mcu.externaltools.gnu-tools-for-stm32.10.3-2021.10.win32_1.0.0.202111181127/tools/bin/../lib/gcc/arm-none-eabi/10.3.1/../../../../arm-none-eabi/lib/thumb/v7e-m+fp/hard\libc_nano.a(lib_a-nano-msizer.o)
                0x000000000800a984                _malloc_usable_size_r
 .text.trunc    0x000000000800a994       0x64 c:/st/stm32cubeide_1.9.0/stm32cubeide/plugins/com.st.stm32cube.ide.mcu.externaltools.gnu-tools-for-stm32.10.3-2021.10.win32_1.0.0.202111181127/tools/bin/../lib/gcc/arm-none-eabi/10.3.1/../../../../arm-none-eabi/lib/thumb/v7e-m+fp/hard\libm.a(lib_a-s_trunc.o)
                0x000000000800a994                trunc
 .text.pow      0x000000000800a9f8       0xe0 c:/st/stm32cubeide_1.9.0/stm32cubeide/plugins/com.st.stm32cube.ide.mcu.externaltools.gnu-tools-for-stm32.10.3-2021.10.win32_1.0.0.202111181127/tools/bin/../lib/gcc/arm-none-eabi/10.3.1/../../../../arm-none-eabi/lib/thumb/v7e-m+fp/hard\libm.a(lib_a-w_pow.o)
                0x000000000800a9f8                pow
 .text.__ieee754_pow
                0x000000000800aad8      0xa5c c:/st/stm32cubeide_1.9.0/stm32cubeide/plugins/com.st.stm32cube.ide.mcu.externaltools.gnu-tools-for-stm32.10.3-2021.10.win32_1.0.0.202111181127/tools/bin/../lib/gcc/arm-none-eabi/10.3.1/../../../../arm-none-eabi/lib/thumb/v7e-m+fp/hard\libm.a(lib_a-e_pow.o)
                0x000000000800aad8                __ieee754_pow
 .text.__ieee754_sqrt
                0x000000000800b534      0x164 c:/st/stm32cubeide_1.9.0/stm32cubeide/plugins/com.st.stm32cube.ide.mcu.externaltools.gnu-tools-for-stm32.10.3-2021.10.win32_1.0.0.202111181127/tools/bin/../lib/gcc/arm-none-eabi/10.3.1/../../../../arm-none-eabi/lib/thumb/v7e-m+fp/hard\libm.a(lib_a-e_sqrt.o)
                0x000000000800b534                __ieee754_sqrt
 .text.with_errno
                0x000000000800b698       0x14 c:/st/stm32cubeide_1.9.0/stm32cubeide/plugins/com.st.stm32cube.ide.mcu.externaltools.gnu-tools-for-stm32.10.3-2021.10.win32_1.0.0.202111181127/tools/bin/../lib/gcc/arm-none-eabi/10.3.1/../../../../arm-none-eabi/lib/thumb/v7e-m+fp/hard\libm.a(lib_a-math_err.o)
 .text.xflow    0x000000000800b6ac       0x28 c:/st/stm32cubeide_1.9.0/stm32cubeide/plugins/com.st.stm32cube.ide.mcu.externaltools.gnu-tools-for-stm32.10.3-2021.10.win32_1.0.0.202111181127/tools/bin/../lib/gcc/arm-none-eabi/10.3.1/../../../../arm-none-eabi/lib/thumb/v7e-m+fp/hard\libm.a(lib_a-math_err.o)
 .text.__math_uflow
                0x000000000800b6d4       0x12 c:/st/stm32cubeide_1.9.0/stm32cubeide/plugins/com.st.stm32cube.ide.mcu.externaltools.gnu-tools-for-stm32.10.3-2021.10.win32_1.0.0.202111181127/tools/bin/../lib/gcc/arm-none-eabi/10.3.1/../../../../arm-none-eabi/lib/thumb/v7e-m+fp/hard\libm.a(lib_a-math_err.o)
                0x000000000800b6d4                __math_uflow
 .text.__math_oflow
                0x000000000800b6e6       0x12 c:/st/stm32cubeide_1.9.0/stm32cubeide/plugins/com.st.stm32cube.ide.mcu.externaltools.gnu-tools-for-stm32.10.3-2021.10.win32_1.0.0.202111181127/tools/bin/../lib/gcc/arm-none-eabi/10.3.1/../../../../arm-none-eabi/lib/thumb/v7e-m+fp/hard\libm.a(lib_a-math_err.o)
                0x000000000800b6e6                __math_oflow
 .text.fabs     0x000000000800b6f8       0x12 c:/st/stm32cubeide_1.9.0/stm32cubeide/plugins/com.st.stm32cube.ide.mcu.externaltools.gnu-tools-for-stm32.10.3-2021.10.win32_1.0.0.202111181127/tools/bin/../lib/gcc/arm-none-eabi/10.3.1/../../../../arm-none-eabi/lib/thumb/v7e-m+fp/hard\libm.a(lib_a-s_fabs.o)
                0x000000000800b6f8                fabs
 .text.finite   0x000000000800b70a       0x16 c:/st/stm32cubeide_1.9.0/stm32cubeide/plugins/com.st.stm32cube.ide.mcu.externaltools.gnu-tools-for-stm32.10.3-2021.10.win32_1.0.0.202111181127/tools/bin/../lib/gcc/arm-none-eabi/10.3.1/../../../../arm-none-eabi/lib/thumb/v7e-m+fp/hard\libm.a(lib_a-s_finite.o)
                0x000000000800b70a                finite
 .text.scalbn   0x000000000800b720      0x10c c:/st/stm32cubeide_1.9.0/stm32cubeide/plugins/com.st.stm32cube.ide.mcu.externaltools.gnu-tools-for-stm32.10.3-2021.10.win32_1.0.0.202111181127/tools/bin/../lib/gcc/arm-none-eabi/10.3.1/../../../../arm-none-eabi/lib/thumb/v7e-m+fp/hard\libm.a(lib_a-s_scalbn.o)
                0x000000000800b720                scalbn
 *(.glue_7)
 .glue_7        0x000000000800b82c        0x0 linker stubs
 *(.glue_7t)
 .glue_7t       0x000000000800b82c        0x0 linker stubs
 *(.eh_frame)
 .eh_frame      0x000000000800b82c        0x0 c:/st/stm32cubeide_1.9.0/stm32cubeide/plugins/com.st.stm32cube.ide.mcu.externaltools.gnu-tools-for-stm32.10.3-2021.10.win32_1.0.0.202111181127/tools/bin/../lib/gcc/arm-none-eabi/10.3.1/thumb/v7e-m+fp/hard/crtbegin.o
 *(.init)
 .init          0x000000000800b82c        0x4 c:/st/stm32cubeide_1.9.0/stm32cubeide/plugins/com.st.stm32cube.ide.mcu.externaltools.gnu-tools-for-stm32.10.3-2021.10.win32_1.0.0.202111181127/tools/bin/../lib/gcc/arm-none-eabi/10.3.1/thumb/v7e-m+fp/hard/crti.o
                0x000000000800b82c                _init
 .init          0x000000000800b830        0x8 c:/st/stm32cubeide_1.9.0/stm32cubeide/plugins/com.st.stm32cube.ide.mcu.externaltools.gnu-tools-for-stm32.10.3-2021.10.win32_1.0.0.202111181127/tools/bin/../lib/gcc/arm-none-eabi/10.3.1/thumb/v7e-m+fp/hard/crtn.o
 *(.fini)
 .fini          0x000000000800b838        0x4 c:/st/stm32cubeide_1.9.0/stm32cubeide/plugins/com.st.stm32cube.ide.mcu.externaltools.gnu-tools-for-stm32.10.3-2021.10.win32_1.0.0.202111181127/tools/bin/../lib/gcc/arm-none-eabi/10.3.1/thumb/v7e-m+fp/hard/crti.o
                0x000000000800b838                _fini
 .fini          0x000000000800b83c        0x8 c:/st/stm32cubeide_1.9.0/stm32cubeide/plugins/com.st.stm32cube.ide.mcu.externaltools.gnu-tools-for-stm32.10.3-2021.10.win32_1.0.0.202111181127/tools/bin/../lib/gcc/arm-none-eabi/10.3.1/thumb/v7e-m+fp/hard/crtn.o
                0x000000000800b844                . = ALIGN (0x4)
                0x000000000800b844                _etext = .

.vfp11_veneer   0x000000000800b844        0x0
 .vfp11_veneer  0x000000000800b844        0x0 linker stubs

.v4_bx          0x000000000800b844        0x0
 .v4_bx         0x000000000800b844        0x0 linker stubs

.iplt           0x000000000800b844        0x0
 .iplt          0x000000000800b844        0x0 c:/st/stm32cubeide_1.9.0/stm32cubeide/plugins/com.st.stm32cube.ide.mcu.externaltools.gnu-tools-for-stm32.10.3-2021.10.win32_1.0.0.202111181127/tools/bin/../lib/gcc/arm-none-eabi/10.3.1/thumb/v7e-m+fp/hard/crtbegin.o

.rodata         0x000000000800b848      0x358
                0x000000000800b848                . = ALIGN (0x4)
 *(.rodata)
 .rodata        0x000000000800b848      0x260 ./Application/User/app_mems.o
 *(.rodata*)
 .rodata.LedGpioInit.4
                0x000000000800baa8        0x4 ./Application/User/stm32f4xx_nucleo.o
 .rodata.ButtonGpioInit.3
                0x000000000800baac        0x4 ./Application/User/stm32f4xx_nucleo.o
 .rodata.BUTTON_EXTI_LINE.2
                0x000000000800bab0        0x4 ./Application/User/stm32f4xx_nucleo.o
 .rodata.ButtonCallback.1
                0x000000000800bab4        0x4 ./Application/User/stm32f4xx_nucleo.o
 .rodata.BSP_BUTTON_PRIO.0
                0x000000000800bab8        0x4 ./Application/User/stm32f4xx_nucleo.o
 .rodata.AHBPrescTable
                0x000000000800babc       0x10 ./Drivers/CMSIS/system_stm32f4xx.o
                0x000000000800babc                AHBPrescTable
 .rodata.APBPrescTable
                0x000000000800bacc        0x8 ./Drivers/CMSIS/system_stm32f4xx.o
                0x000000000800bacc                APBPrescTable
 .rodata._global_impure_ptr
                0x000000000800bad4        0x4 c:/st/stm32cubeide_1.9.0/stm32cubeide/plugins/com.st.stm32cube.ide.mcu.externaltools.gnu-tools-for-stm32.10.3-2021.10.win32_1.0.0.202111181127/tools/bin/../lib/gcc/arm-none-eabi/10.3.1/../../../../arm-none-eabi/lib/thumb/v7e-m+fp/hard\libc_nano.a(lib_a-impure.o)
                0x000000000800bad4                _global_impure_ptr
 .rodata.__sf_fake_stderr
                0x000000000800bad8       0x20 c:/st/stm32cubeide_1.9.0/stm32cubeide/plugins/com.st.stm32cube.ide.mcu.externaltools.gnu-tools-for-stm32.10.3-2021.10.win32_1.0.0.202111181127/tools/bin/../lib/gcc/arm-none-eabi/10.3.1/../../../../arm-none-eabi/lib/thumb/v7e-m+fp/hard\libc_nano.a(lib_a-findfp.o)
                0x000000000800bad8                __sf_fake_stderr
 .rodata.__sf_fake_stdin
                0x000000000800baf8       0x20 c:/st/stm32cubeide_1.9.0/stm32cubeide/plugins/com.st.stm32cube.ide.mcu.externaltools.gnu-tools-for-stm32.10.3-2021.10.win32_1.0.0.202111181127/tools/bin/../lib/gcc/arm-none-eabi/10.3.1/../../../../arm-none-eabi/lib/thumb/v7e-m+fp/hard\libc_nano.a(lib_a-findfp.o)
                0x000000000800baf8                __sf_fake_stdin
 .rodata.__sf_fake_stdout
                0x000000000800bb18       0x20 c:/st/stm32cubeide_1.9.0/stm32cubeide/plugins/com.st.stm32cube.ide.mcu.externaltools.gnu-tools-for-stm32.10.3-2021.10.win32_1.0.0.202111181127/tools/bin/../lib/gcc/arm-none-eabi/10.3.1/../../../../arm-none-eabi/lib/thumb/v7e-m+fp/hard\libc_nano.a(lib_a-findfp.o)
                0x000000000800bb18                __sf_fake_stdout
 .rodata._svfprintf_r.str1.1
                0x000000000800bb38       0x11 c:/st/stm32cubeide_1.9.0/stm32cubeide/plugins/com.st.stm32cube.ide.mcu.externaltools.gnu-tools-for-stm32.10.3-2021.10.win32_1.0.0.202111181127/tools/bin/../lib/gcc/arm-none-eabi/10.3.1/../../../../arm-none-eabi/lib/thumb/v7e-m+fp/hard\libc_nano.a(lib_a-nano-svfprintf.o)
 .rodata._vfprintf_r.str1.1
                0x000000000800bb49       0x11 c:/st/stm32cubeide_1.9.0/stm32cubeide/plugins/com.st.stm32cube.ide.mcu.externaltools.gnu-tools-for-stm32.10.3-2021.10.win32_1.0.0.202111181127/tools/bin/../lib/gcc/arm-none-eabi/10.3.1/../../../../arm-none-eabi/lib/thumb/v7e-m+fp/hard\libc_nano.a(lib_a-nano-vfprintf.o)
 .rodata._printf_i.str1.1
                0x000000000800bb49       0x22 c:/st/stm32cubeide_1.9.0/stm32cubeide/plugins/com.st.stm32cube.ide.mcu.externaltools.gnu-tools-for-stm32.10.3-2021.10.win32_1.0.0.202111181127/tools/bin/../lib/gcc/arm-none-eabi/10.3.1/../../../../arm-none-eabi/lib/thumb/v7e-m+fp/hard\libc_nano.a(lib_a-nano-vfprintf_i.o)
 *fill*         0x000000000800bb6b        0x5 
 .rodata.bp     0x000000000800bb70       0x10 c:/st/stm32cubeide_1.9.0/stm32cubeide/plugins/com.st.stm32cube.ide.mcu.externaltools.gnu-tools-for-stm32.10.3-2021.10.win32_1.0.0.202111181127/tools/bin/../lib/gcc/arm-none-eabi/10.3.1/../../../../arm-none-eabi/lib/thumb/v7e-m+fp/hard\libm.a(lib_a-e_pow.o)
 .rodata.dp_h   0x000000000800bb80       0x10 c:/st/stm32cubeide_1.9.0/stm32cubeide/plugins/com.st.stm32cube.ide.mcu.externaltools.gnu-tools-for-stm32.10.3-2021.10.win32_1.0.0.202111181127/tools/bin/../lib/gcc/arm-none-eabi/10.3.1/../../../../arm-none-eabi/lib/thumb/v7e-m+fp/hard\libm.a(lib_a-e_pow.o)
 .rodata.dp_l   0x000000000800bb90       0x10 c:/st/stm32cubeide_1.9.0/stm32cubeide/plugins/com.st.stm32cube.ide.mcu.externaltools.gnu-tools-for-stm32.10.3-2021.10.win32_1.0.0.202111181127/tools/bin/../lib/gcc/arm-none-eabi/10.3.1/../../../../arm-none-eabi/lib/thumb/v7e-m+fp/hard\libm.a(lib_a-e_pow.o)
                0x000000000800bba0                . = ALIGN (0x4)

.ARM.extab      0x000000000800bba0        0x0
                0x000000000800bba0                . = ALIGN (0x4)
 *(.ARM.extab* .gnu.linkonce.armextab.*)
                0x000000000800bba0                . = ALIGN (0x4)

.ARM            0x000000000800bba0        0x8
                0x000000000800bba0                . = ALIGN (0x4)
                0x000000000800bba0                __exidx_start = .
 *(.ARM.exidx*)
 .ARM.exidx     0x000000000800bba0        0x8 c:/st/stm32cubeide_1.9.0/stm32cubeide/plugins/com.st.stm32cube.ide.mcu.externaltools.gnu-tools-for-stm32.10.3-2021.10.win32_1.0.0.202111181127/tools/bin/../lib/gcc/arm-none-eabi/10.3.1/thumb/v7e-m+fp/hard\libgcc.a(_udivmoddi4.o)
                0x000000000800bba8                __exidx_end = .
                0x000000000800bba8                . = ALIGN (0x4)

.rel.dyn        0x000000000800bba8        0x0
 .rel.iplt      0x000000000800bba8        0x0 c:/st/stm32cubeide_1.9.0/stm32cubeide/plugins/com.st.stm32cube.ide.mcu.externaltools.gnu-tools-for-stm32.10.3-2021.10.win32_1.0.0.202111181127/tools/bin/../lib/gcc/arm-none-eabi/10.3.1/thumb/v7e-m+fp/hard/crtbegin.o

.preinit_array  0x000000000800bba8        0x0
                0x000000000800bba8                . = ALIGN (0x4)
                0x000000000800bba8                PROVIDE (__preinit_array_start = .)
 *(.preinit_array*)
                0x000000000800bba8                PROVIDE (__preinit_array_end = .)
                0x000000000800bba8                . = ALIGN (0x4)

.init_array     0x000000000800bba8        0x4
                0x000000000800bba8                . = ALIGN (0x4)
                0x000000000800bba8                PROVIDE (__init_array_start = .)
 *(SORT_BY_NAME(.init_array.*))
 *(.init_array*)
 .init_array    0x000000000800bba8        0x4 c:/st/stm32cubeide_1.9.0/stm32cubeide/plugins/com.st.stm32cube.ide.mcu.externaltools.gnu-tools-for-stm32.10.3-2021.10.win32_1.0.0.202111181127/tools/bin/../lib/gcc/arm-none-eabi/10.3.1/thumb/v7e-m+fp/hard/crtbegin.o
                0x000000000800bbac                PROVIDE (__init_array_end = .)
                0x000000000800bbac                . = ALIGN (0x4)

.fini_array     0x000000000800bbac        0x4
                0x000000000800bbac                . = ALIGN (0x4)
                [!provide]                        PROVIDE (__fini_array_start = .)
 *(SORT_BY_NAME(.fini_array.*))
 *(.fini_array*)
 .fini_array    0x000000000800bbac        0x4 c:/st/stm32cubeide_1.9.0/stm32cubeide/plugins/com.st.stm32cube.ide.mcu.externaltools.gnu-tools-for-stm32.10.3-2021.10.win32_1.0.0.202111181127/tools/bin/../lib/gcc/arm-none-eabi/10.3.1/thumb/v7e-m+fp/hard/crtbegin.o
                [!provide]                        PROVIDE (__fini_array_end = .)
                0x000000000800bbb0                . = ALIGN (0x4)
                0x000000000800bbb0                _sidata = LOADADDR (.data)

.data           0x0000000020000000      0x154 load address 0x000000000800bbb0
                0x0000000020000000                . = ALIGN (0x4)
                0x0000000020000000                _sdata = .
 *(.data)
 *(.data*)
 .data.BUTTON_PORT
                0x0000000020000000        0x4 ./Application/User/stm32f4xx_nucleo.o
 .data.hpb_exti
                0x0000000020000004        0x8 ./Application/User/stm32f4xx_nucleo.o
                0x0000000020000004                hpb_exti
 .data.COM_USART
                0x000000002000000c        0x4 ./Application/User/stm32f4xx_nucleo.o
                0x000000002000000c                COM_USART
 .data.LIS2DW12_COMMON_Driver
                0x0000000020000010       0x10 ./Drivers/BSP/Components/lis2dw12.o
                0x0000000020000010                LIS2DW12_COMMON_Driver
 .data.LIS2DW12_ACC_Driver
                0x0000000020000020       0x24 ./Drivers/BSP/Components/lis2dw12.o
                0x0000000020000020                LIS2DW12_ACC_Driver
 .data.LIS2MDL_COMMON_Driver
                0x0000000020000044       0x10 ./Drivers/BSP/Components/lis2mdl.o
                0x0000000020000044                LIS2MDL_COMMON_Driver
 .data.LIS2MDL_MAG_Driver
                0x0000000020000054       0x24 ./Drivers/BSP/Components/lis2mdl.o
                0x0000000020000054                LIS2MDL_MAG_Driver
 .data.LSM6DSO_COMMON_Driver
                0x0000000020000078       0x10 ./Drivers/BSP/Components/lsm6dso.o
                0x0000000020000078                LSM6DSO_COMMON_Driver
 .data.LSM6DSO_ACC_Driver
                0x0000000020000088       0x24 ./Drivers/BSP/Components/lsm6dso.o
                0x0000000020000088                LSM6DSO_ACC_Driver
 .data.LSM6DSO_GYRO_Driver
                0x00000000200000ac       0x24 ./Drivers/BSP/Components/lsm6dso.o
                0x00000000200000ac                LSM6DSO_GYRO_Driver
 .data.FunctionIndex
                0x00000000200000d0       0x14 ./Drivers/BSP/IKS01A3/iks01a3_motion_sensors.o
 .data.SystemCoreClock
                0x00000000200000e4        0x4 ./Drivers/CMSIS/system_stm32f4xx.o
                0x00000000200000e4                SystemCoreClock
 .data.uwTickPrio
                0x00000000200000e8        0x4 ./Drivers/STM32F4xx_HAL_Driver/stm32f4xx_hal.o
                0x00000000200000e8                uwTickPrio
 .data.uwTickFreq
                0x00000000200000ec        0x1 ./Drivers/STM32F4xx_HAL_Driver/stm32f4xx_hal.o
                0x00000000200000ec                uwTickFreq
 *fill*         0x00000000200000ed        0x3 
 .data._impure_ptr
                0x00000000200000f0        0x4 c:/st/stm32cubeide_1.9.0/stm32cubeide/plugins/com.st.stm32cube.ide.mcu.externaltools.gnu-tools-for-stm32.10.3-2021.10.win32_1.0.0.202111181127/tools/bin/../lib/gcc/arm-none-eabi/10.3.1/../../../../arm-none-eabi/lib/thumb/v7e-m+fp/hard\libc_nano.a(lib_a-impure.o)
                0x00000000200000f0                _impure_ptr
 .data.impure_data
                0x00000000200000f4       0x60 c:/st/stm32cubeide_1.9.0/stm32cubeide/plugins/com.st.stm32cube.ide.mcu.externaltools.gnu-tools-for-stm32.10.3-2021.10.win32_1.0.0.202111181127/tools/bin/../lib/gcc/arm-none-eabi/10.3.1/../../../../arm-none-eabi/lib/thumb/v7e-m+fp/hard\libc_nano.a(lib_a-impure.o)
 *(.RamFunc)
 *(.RamFunc*)
                0x0000000020000154                . = ALIGN (0x4)
                0x0000000020000154                _edata = .

.igot.plt       0x0000000020000154        0x0 load address 0x000000000800bd04
 .igot.plt      0x0000000020000154        0x0 c:/st/stm32cubeide_1.9.0/stm32cubeide/plugins/com.st.stm32cube.ide.mcu.externaltools.gnu-tools-for-stm32.10.3-2021.10.win32_1.0.0.202111181127/tools/bin/../lib/gcc/arm-none-eabi/10.3.1/thumb/v7e-m+fp/hard/crtbegin.o
                0x0000000020000154                . = ALIGN (0x4)

.bss            0x0000000020000154      0x308 load address 0x000000000800bd04
                0x0000000020000154                _sbss = .
                0x0000000020000154                __bss_start__ = _sbss
 *(.bss)
 .bss           0x0000000020000154       0x1c c:/st/stm32cubeide_1.9.0/stm32cubeide/plugins/com.st.stm32cube.ide.mcu.externaltools.gnu-tools-for-stm32.10.3-2021.10.win32_1.0.0.202111181127/tools/bin/../lib/gcc/arm-none-eabi/10.3.1/thumb/v7e-m+fp/hard/crtbegin.o
 *(.bss*)
 .bss.PushButtonDetected
                0x0000000020000170        0x1 ./Application/User/app_mems.o
 *fill*         0x0000000020000171        0x3 
 .bss.MotionCapabilities
                0x0000000020000174       0x54 ./Application/User/app_mems.o
 .bss.dataOut   0x00000000200001c8      0x100 ./Application/User/app_mems.o
 .bss.PushButtonState
                0x00000000200002c8        0x4 ./Application/User/app_mems.o
 .bss.hcom_uart
                0x00000000200002cc       0x44 ./Application/User/stm32f4xx_nucleo.o
                0x00000000200002cc                hcom_uart
 .bss.COM_ActiveLogPort
                0x0000000020000310        0x1 ./Application/User/stm32f4xx_nucleo.o
 *fill*         0x0000000020000311        0x3 
 .bss.hi2c1     0x0000000020000314       0x54 ./Application/User/stm32f4xx_nucleo_bus.o
                0x0000000020000314                hi2c1
 .bss.I2C1InitCounter
                0x0000000020000368        0x4 ./Application/User/stm32f4xx_nucleo_bus.o
 .bss.__sbrk_heap_end
                0x000000002000036c        0x4 ./Application/User/sysmem.o
 .bss.MotionCompObj
                0x0000000020000370        0xc ./Drivers/BSP/IKS01A3/iks01a3_motion_sensors.o
                0x0000000020000370                MotionCompObj
 .bss.MotionFuncDrv
                0x000000002000037c       0x24 ./Drivers/BSP/IKS01A3/iks01a3_motion_sensors.o
 .bss.MotionDrv
                0x00000000200003a0        0xc ./Drivers/BSP/IKS01A3/iks01a3_motion_sensors.o
 .bss.MotionCtx
                0x00000000200003ac        0xc ./Drivers/BSP/IKS01A3/iks01a3_motion_sensors.o
 .bss.lsm6dso_obj_0.2
                0x00000000200003b8       0x30 ./Drivers/BSP/IKS01A3/iks01a3_motion_sensors.o
 .bss.lis2dw12_obj_0.1