C:/Users/cude/STM32CubeIDE/board/DataLogTerminal/Src/app_mems.c:63:6:MX_MEMS_Init	8	static
C:/Users/cude/STM32CubeIDE/board/DataLogTerminal/Src/app_mems.c:84:6:MX_MEMS_Process	8	static
C:/Users/cude/STM32CubeIDE/board/DataLogTerminal/Src/app_mems.c:101:6:MX_IKS01A3_DataLogTerminal_Init	48	static
C:/Users/cude/STM32CubeIDE/board/DataLogTerminal/Src/app_mems.c:152:6:BSP_PB_Callback	16	static
C:/Users/cude/STM32CubeIDE/board/DataLogTerminal/Src/app_mems.c:161:6:MX_IKS01A3_DataLogTerminal_Process	16	static
C:/Users/cude/STM32CubeIDE/board/DataLogTerminal/Src/app_mems.c:208:13:floatToInt	32	static
C:/Users/cude/STM32CubeIDE/board/DataLogTerminal/Src/app_mems.c:230:13:Accelero_Sensor_Handler	56	static
C:/Users/cude/STM32CubeIDE/board/DataLogTerminal/Src/app_mems.c:258:13:Gyro_Sensor_Handler	56	static
C:/Users/cude/STM32CubeIDE/board/DataLogTerminal/Src/app_mems.c:286:13:Magneto_Sensor_Handler	56	static
C:/Users/cude/STM32CubeIDE/board/DataLogTerminal/Src/app_mems.c:315:13:Temp_Sensor_Handler	56	static
C:/Users/cude/STM32CubeIDE/board/DataLogTerminal/Src/app_mems.c:368:13:Press_Sensor_Handler	48	static
C:/Users/cude/STM32CubeIDE/board/DataLogTerminal/Src/app_mems.c:421:13:Hum_Sensor_Handler	48	static
